2025-03-17 10:05:08: npm error Missing script: "next-start"
2025-03-17 10:05:08: npm error
2025-03-17 10:05:08: npm error To see a list of scripts, run:
2025-03-17 10:05:08: npm error   npm run
2025-03-17 10:05:08: npm error A complete log of this run can be found in: /root/.npm/_logs/2025-03-17T10_05_08_210Z-debug-0.log
2025-03-17 10:05:08: npm error Missing script: "next-start"
2025-03-17 10:05:08: npm error
2025-03-17 10:05:08: npm error To see a list of scripts, run:
2025-03-17 10:05:08: npm error   npm run
2025-03-17 10:05:08: npm error A complete log of this run can be found in: /root/.npm/_logs/2025-03-17T10_05_08_633Z-debug-0.log
2025-03-17 10:05:09: npm error Missing script: "next-start"
2025-03-17 10:05:09: npm error
2025-03-17 10:05:09: npm error To see a list of scripts, run:
2025-03-17 10:05:09: npm error   npm run
2025-03-17 10:05:09: npm error A complete log of this run can be found in: /root/.npm/_logs/2025-03-17T10_05_08_911Z-debug-0.log
2025-03-17 10:05:09: npm error Missing script: "next-start"
2025-03-17 10:05:09: npm error
2025-03-17 10:05:09: npm error To see a list of scripts, run:
2025-03-17 10:05:09: npm error   npm run
2025-03-17 10:05:09: npm error A complete log of this run can be found in: /root/.npm/_logs/2025-03-17T10_05_09_317Z-debug-0.log
2025-03-17 10:05:09: npm error Missing script: "next-start"
2025-03-17 10:05:09: npm error
2025-03-17 10:05:09: npm error To see a list of scripts, run:
2025-03-17 10:05:09: npm error   npm run
2025-03-17 10:05:09: npm error A complete log of this run can be found in: /root/.npm/_logs/2025-03-17T10_05_09_692Z-debug-0.log
2025-03-17 10:05:10: npm error Missing script: "next-start"
2025-03-17 10:05:10: npm error
2025-03-17 10:05:10: npm error To see a list of scripts, run:
2025-03-17 10:05:10: npm error   npm run
2025-03-17 10:05:10: npm error A complete log of this run can be found in: /root/.npm/_logs/2025-03-17T10_05_10_124Z-debug-0.log
2025-03-17 10:05:10: npm error Missing script: "next-start"
2025-03-17 10:05:10: npm error
2025-03-17 10:05:10: npm error To see a list of scripts, run:
2025-03-17 10:05:10: npm error   npm run
2025-03-17 10:05:10: npm error A complete log of this run can be found in: /root/.npm/_logs/2025-03-17T10_05_10_522Z-debug-0.log
2025-03-17 10:05:11: npm error Missing script: "next-start"
2025-03-17 10:05:11: npm error
2025-03-17 10:05:11: npm error To see a list of scripts, run:
2025-03-17 10:05:11: npm error   npm run
2025-03-17 10:05:11: npm error A complete log of this run can be found in: /root/.npm/_logs/2025-03-17T10_05_10_961Z-debug-0.log
2025-03-17 10:05:11: npm error Missing script: "next-start"
2025-03-17 10:05:11: npm error
2025-03-17 10:05:11: npm error To see a list of scripts, run:
2025-03-17 10:05:11: npm error   npm run
2025-03-17 10:05:11: npm error A complete log of this run can be found in: /root/.npm/_logs/2025-03-17T10_05_11_360Z-debug-0.log
2025-03-17 10:05:12: npm error Missing script: "next-start"
2025-03-17 10:05:12: npm error
2025-03-17 10:05:12: npm error To see a list of scripts, run:
2025-03-17 10:05:12: npm error   npm run
2025-03-17 10:05:12: npm error A complete log of this run can be found in: /root/.npm/_logs/2025-03-17T10_05_12_463Z-debug-0.log
2025-03-17 10:05:12: npm error Missing script: "next-start"
2025-03-17 10:05:12: npm error
2025-03-17 10:05:12: npm error To see a list of scripts, run:
2025-03-17 10:05:12: npm error   npm run
2025-03-17 10:05:12: npm error A complete log of this run can be found in: /root/.npm/_logs/2025-03-17T10_05_12_762Z-debug-0.log
2025-03-17 10:05:13: npm error Missing script: "next-start"
2025-03-17 10:05:13: npm error
2025-03-17 10:05:13: npm error To see a list of scripts, run:
2025-03-17 10:05:13: npm error   npm run
2025-03-17 10:05:13: npm error A complete log of this run can be found in: /root/.npm/_logs/2025-03-17T10_05_13_136Z-debug-0.log
2025-03-17 10:05:13: npm error Missing script: "next-start"
2025-03-17 10:05:13: npm error
2025-03-17 10:05:13: npm error To see a list of scripts, run:
2025-03-17 10:05:13: npm error   npm run
2025-03-17 10:05:13: npm error A complete log of this run can be found in: /root/.npm/_logs/2025-03-17T10_05_13_546Z-debug-0.log
2025-03-17 10:05:14: npm error Missing script: "next-start"
2025-03-17 10:05:14: npm error
2025-03-17 10:05:14: npm error To see a list of scripts, run:
2025-03-17 10:05:14: npm error   npm run
2025-03-17 10:05:14: npm error A complete log of this run can be found in: /root/.npm/_logs/2025-03-17T10_05_13_935Z-debug-0.log
2025-03-17 10:05:14: npm error Missing script: "next-start"
2025-03-17 10:05:14: npm error
2025-03-17 10:05:14: npm error To see a list of scripts, run:
2025-03-17 10:05:14: npm error   npm run
2025-03-17 10:05:14: npm error A complete log of this run can be found in: /root/.npm/_logs/2025-03-17T10_05_14_343Z-debug-0.log
2025-03-17 10:05:14: npm error Missing script: "next-start"
2025-03-17 10:05:14: npm error
2025-03-17 10:05:14: npm error To see a list of scripts, run:
2025-03-17 10:05:14: npm error   npm run
2025-03-17 10:05:14: npm error A complete log of this run can be found in: /root/.npm/_logs/2025-03-17T10_05_14_627Z-debug-0.log
2025-03-17 10:05:14: npm error Missing script: "next-start"
2025-03-17 10:05:14: npm error
2025-03-17 10:05:14: npm error To see a list of scripts, run:
2025-03-17 10:05:14: npm error   npm run
2025-03-17 10:05:14: npm error A complete log of this run can be found in: /root/.npm/_logs/2025-03-17T10_05_14_885Z-debug-0.log
2025-03-17 10:13:11: npm error Missing script: "next-start"
2025-03-17 10:13:11: npm error
2025-03-17 10:13:11: npm error To see a list of scripts, run:
2025-03-17 10:13:11: npm error   npm run
2025-03-17 10:13:11: npm error A complete log of this run can be found in: /root/.npm/_logs/2025-03-17T10_13_11_717Z-debug-0.log
2025-03-17 10:13:12: npm error Missing script: "next-start"
2025-03-17 10:13:12: npm error
2025-03-17 10:13:12: npm error To see a list of scripts, run:
2025-03-17 10:13:12: npm error   npm run
2025-03-17 10:13:12: npm error A complete log of this run can be found in: /root/.npm/_logs/2025-03-17T10_13_11_988Z-debug-0.log
2025-03-17 10:13:12: npm error Missing script: "next-start"
2025-03-17 10:13:12: npm error
2025-03-17 10:13:12: npm error To see a list of scripts, run:
2025-03-17 10:13:12: npm error   npm run
2025-03-17 10:13:12: npm error A complete log of this run can be found in: /root/.npm/_logs/2025-03-17T10_13_12_288Z-debug-0.log
2025-03-17 10:13:12: npm error Missing script: "next-start"
2025-03-17 10:13:12: npm error
2025-03-17 10:13:12: npm error To see a list of scripts, run:
2025-03-17 10:13:12: npm error   npm run
2025-03-17 10:13:12: npm error A complete log of this run can be found in: /root/.npm/_logs/2025-03-17T10_13_12_735Z-debug-0.log
2025-03-17 10:13:13: npm error Missing script: "next-start"
2025-03-17 10:13:13: npm error
2025-03-17 10:13:13: npm error To see a list of scripts, run:
2025-03-17 10:13:13: npm error   npm run
2025-03-17 10:13:13: npm error A complete log of this run can be found in: /root/.npm/_logs/2025-03-17T10_13_13_122Z-debug-0.log
2025-03-17 10:13:13: npm error Missing script: "next-start"
2025-03-17 10:13:13: npm error
2025-03-17 10:13:13: npm error To see a list of scripts, run:
2025-03-17 10:13:13: npm error   npm run
2025-03-17 10:13:13: npm error A complete log of this run can be found in: /root/.npm/_logs/2025-03-17T10_13_13_418Z-debug-0.log
2025-03-17 10:13:13: npm error Missing script: "next-start"
2025-03-17 10:13:13: npm error
2025-03-17 10:13:13: npm error To see a list of scripts, run:
2025-03-17 10:13:13: npm error   npm run
2025-03-17 10:13:13: npm error A complete log of this run can be found in: /root/.npm/_logs/2025-03-17T10_13_13_833Z-debug-0.log
2025-03-17 10:13:14: npm error Missing script: "next-start"
2025-03-17 10:13:14: npm error
2025-03-17 10:13:14: npm error To see a list of scripts, run:
2025-03-17 10:13:14: npm error   npm run
2025-03-17 10:13:14: npm error A complete log of this run can be found in: /root/.npm/_logs/2025-03-17T10_13_14_125Z-debug-0.log
2025-03-17 10:13:14: npm error Missing script: "next-start"
2025-03-17 10:13:14: npm error
2025-03-17 10:13:14: npm error To see a list of scripts, run:
2025-03-17 10:13:14: npm error   npm run
2025-03-17 10:13:14: npm error A complete log of this run can be found in: /root/.npm/_logs/2025-03-17T10_13_14_519Z-debug-0.log
2025-03-17 10:13:14: npm error Missing script: "next-start"
2025-03-17 10:13:14: npm error
2025-03-17 10:13:14: npm error To see a list of scripts, run:
2025-03-17 10:13:14: npm error   npm run
2025-03-17 10:13:14: npm error A complete log of this run can be found in: /root/.npm/_logs/2025-03-17T10_13_14_828Z-debug-0.log
2025-03-17 10:13:15: npm error Missing script: "next-start"
2025-03-17 10:13:15: npm error
2025-03-17 10:13:15: npm error To see a list of scripts, run:
2025-03-17 10:13:15: npm error   npm run
2025-03-17 10:13:15: npm error A complete log of this run can be found in: /root/.npm/_logs/2025-03-17T10_13_15_193Z-debug-0.log
2025-03-17 10:13:15: npm error Missing script: "next-start"
2025-03-17 10:13:15: npm error
2025-03-17 10:13:15: npm error To see a list of scripts, run:
2025-03-17 10:13:15: npm error   npm run
2025-03-17 10:13:15: npm error A complete log of this run can be found in: /root/.npm/_logs/2025-03-17T10_13_15_510Z-debug-0.log
2025-03-17 10:13:15: npm error Missing script: "next-start"
2025-03-17 10:13:15: npm error
2025-03-17 10:13:15: npm error To see a list of scripts, run:
2025-03-17 10:13:15: npm error   npm run
2025-03-17 10:13:15: npm error A complete log of this run can be found in: /root/.npm/_logs/2025-03-17T10_13_15_923Z-debug-0.log
2025-03-17 10:13:16: npm error Missing script: "next-start"
2025-03-17 10:13:16: npm error
2025-03-17 10:13:16: npm error To see a list of scripts, run:
2025-03-17 10:13:16: npm error   npm run
2025-03-17 10:13:16: npm error A complete log of this run can be found in: /root/.npm/_logs/2025-03-17T10_13_16_287Z-debug-0.log
2025-03-17 10:13:16: npm error Missing script: "next-start"
2025-03-17 10:13:16: npm error
2025-03-17 10:13:16: npm error To see a list of scripts, run:
2025-03-17 10:13:16: npm error   npm run
2025-03-17 10:13:16: npm error A complete log of this run can be found in: /root/.npm/_logs/2025-03-17T10_13_16_586Z-debug-0.log
2025-03-17 10:13:16: npm error Missing script: "next-start"
2025-03-17 10:13:16: npm error
2025-03-17 10:13:16: npm error To see a list of scripts, run:
2025-03-17 10:13:16: npm error   npm run
2025-03-17 10:13:16: npm error A complete log of this run can be found in: /root/.npm/_logs/2025-03-17T10_13_16_914Z-debug-0.log
2025-03-17 10:13:36: npm error Missing script: "next-start"
2025-03-17 10:13:36: npm error
2025-03-17 10:13:36: npm error To see a list of scripts, run:
2025-03-17 10:13:36: npm error   npm run
2025-03-17 10:13:36: npm error A complete log of this run can be found in: /root/.npm/_logs/2025-03-17T10_13_36_729Z-debug-0.log
2025-03-17 10:13:37: npm error Missing script: "next-start"
2025-03-17 10:13:37: npm error
2025-03-17 10:13:37: npm error To see a list of scripts, run:
2025-03-17 10:13:37: npm error   npm run
2025-03-17 10:13:37: npm error A complete log of this run can be found in: /root/.npm/_logs/2025-03-17T10_13_37_114Z-debug-0.log
2025-03-17 10:13:37: npm error Missing script: "next-start"
2025-03-17 10:13:37: npm error
2025-03-17 10:13:37: npm error To see a list of scripts, run:
2025-03-17 10:13:37: npm error   npm run
2025-03-17 10:13:37: npm error A complete log of this run can be found in: /root/.npm/_logs/2025-03-17T10_13_37_422Z-debug-0.log
2025-03-17 10:13:37: npm error Missing script: "next-start"
2025-03-17 10:13:37: npm error
2025-03-17 10:13:37: npm error To see a list of scripts, run:
2025-03-17 10:13:37: npm error   npm run
2025-03-17 10:13:37: npm error A complete log of this run can be found in: /root/.npm/_logs/2025-03-17T10_13_37_764Z-debug-0.log
2025-03-17 10:13:38: npm error Missing script: "next-start"
2025-03-17 10:13:38: npm error
2025-03-17 10:13:38: npm error To see a list of scripts, run:
2025-03-17 10:13:38: npm error   npm run
2025-03-17 10:13:38: npm error A complete log of this run can be found in: /root/.npm/_logs/2025-03-17T10_13_38_101Z-debug-0.log
2025-03-17 10:13:38: npm error Missing script: "next-start"
2025-03-17 10:13:38: npm error
2025-03-17 10:13:38: npm error To see a list of scripts, run:
2025-03-17 10:13:38: npm error   npm run
2025-03-17 10:13:38: npm error A complete log of this run can be found in: /root/.npm/_logs/2025-03-17T10_13_38_457Z-debug-0.log
2025-03-17 10:13:38: npm error Missing script: "next-start"
2025-03-17 10:13:38: npm error
2025-03-17 10:13:38: npm error To see a list of scripts, run:
2025-03-17 10:13:38: npm error   npm run
2025-03-17 10:13:38: npm error A complete log of this run can be found in: /root/.npm/_logs/2025-03-17T10_13_38_822Z-debug-0.log
2025-03-17 10:13:39: npm error Missing script: "next-start"
2025-03-17 10:13:39: npm error
2025-03-17 10:13:39: npm error To see a list of scripts, run:
2025-03-17 10:13:39: npm error   npm run
2025-03-17 10:13:39: npm error A complete log of this run can be found in: /root/.npm/_logs/2025-03-17T10_13_39_150Z-debug-0.log
2025-03-17 10:13:39: npm error Missing script: "next-start"
2025-03-17 10:13:39: npm error
2025-03-17 10:13:39: npm error To see a list of scripts, run:
2025-03-17 10:13:39: npm error   npm run
2025-03-17 10:13:39: npm error A complete log of this run can be found in: /root/.npm/_logs/2025-03-17T10_13_39_535Z-debug-0.log
2025-03-17 10:13:39: npm error Missing script: "next-start"
2025-03-17 10:13:39: npm error
2025-03-17 10:13:39: npm error To see a list of scripts, run:
2025-03-17 10:13:39: npm error   npm run
2025-03-17 10:13:39: npm error A complete log of this run can be found in: /root/.npm/_logs/2025-03-17T10_13_39_857Z-debug-0.log
2025-03-17 10:13:40: npm error Missing script: "next-start"
2025-03-17 10:13:40: npm error
2025-03-17 10:13:40: npm error To see a list of scripts, run:
2025-03-17 10:13:40: npm error   npm run
2025-03-17 10:13:40: npm error A complete log of this run can be found in: /root/.npm/_logs/2025-03-17T10_13_40_276Z-debug-0.log
2025-03-17 10:13:40: npm error Missing script: "next-start"
2025-03-17 10:13:40: npm error
2025-03-17 10:13:40: npm error To see a list of scripts, run:
2025-03-17 10:13:40: npm error   npm run
2025-03-17 10:13:40: npm error A complete log of this run can be found in: /root/.npm/_logs/2025-03-17T10_13_40_651Z-debug-0.log
2025-03-17 10:13:41: npm error Missing script: "next-start"
2025-03-17 10:13:41: npm error
2025-03-17 10:13:41: npm error To see a list of scripts, run:
2025-03-17 10:13:41: npm error   npm run
2025-03-17 10:13:41: npm error A complete log of this run can be found in: /root/.npm/_logs/2025-03-17T10_13_40_937Z-debug-0.log
2025-03-17 10:13:41: npm error Missing script: "next-start"
2025-03-17 10:13:41: npm error
2025-03-17 10:13:41: npm error To see a list of scripts, run:
2025-03-17 10:13:41: npm error   npm run
2025-03-17 10:13:41: npm error A complete log of this run can be found in: /root/.npm/_logs/2025-03-17T10_13_41_455Z-debug-0.log
2025-03-17 10:13:41: npm error Missing script: "next-start"
2025-03-17 10:13:41: npm error
2025-03-17 10:13:41: npm error To see a list of scripts, run:
2025-03-17 10:13:41: npm error   npm run
2025-03-17 10:13:41: npm error A complete log of this run can be found in: /root/.npm/_logs/2025-03-17T10_13_41_814Z-debug-0.log
2025-03-17 10:13:42: npm error Missing script: "next-start"
2025-03-17 10:13:42: npm error
2025-03-17 10:13:42: npm error To see a list of scripts, run:
2025-03-17 10:13:42: npm error   npm run
2025-03-17 10:13:42: npm error A complete log of this run can be found in: /root/.npm/_logs/2025-03-17T10_13_42_128Z-debug-0.log
2025-03-17 10:20:45: Error: Could not find a production build in the '.next' directory. Try building your app with 'next build' before starting the production server. https://nextjs.org/docs/messages/production-start-no-build-id
2025-03-17 10:20:45:     at setupFsCheck (/var/www/billard-score-app/node_modules/next/dist/server/lib/router-utils/filesystem.js:149:19)
2025-03-17 10:20:45:     at async initialize (/var/www/billard-score-app/node_modules/next/dist/server/lib/router-server.js:65:23)
2025-03-17 10:20:45:     at async Server.<anonymous> (/var/www/billard-score-app/node_modules/next/dist/server/lib/start-server.js:266:36)
2025-03-17 10:20:45: Error: Could not find a production build in the '.next' directory. Try building your app with 'next build' before starting the production server. https://nextjs.org/docs/messages/production-start-no-build-id
2025-03-17 10:20:45:     at setupFsCheck (/var/www/billard-score-app/node_modules/next/dist/server/lib/router-utils/filesystem.js:149:19)
2025-03-17 10:20:45:     at async initialize (/var/www/billard-score-app/node_modules/next/dist/server/lib/router-server.js:65:23)
2025-03-17 10:20:45:     at async Server.<anonymous> (/var/www/billard-score-app/node_modules/next/dist/server/lib/start-server.js:266:36)
2025-03-17 10:20:46: Error: Could not find a production build in the '.next' directory. Try building your app with 'next build' before starting the production server. https://nextjs.org/docs/messages/production-start-no-build-id
2025-03-17 10:20:46:     at setupFsCheck (/var/www/billard-score-app/node_modules/next/dist/server/lib/router-utils/filesystem.js:149:19)
2025-03-17 10:20:46:     at async initialize (/var/www/billard-score-app/node_modules/next/dist/server/lib/router-server.js:65:23)
2025-03-17 10:20:46:     at async Server.<anonymous> (/var/www/billard-score-app/node_modules/next/dist/server/lib/start-server.js:266:36)
2025-03-17 10:20:47: Error: Could not find a production build in the '.next' directory. Try building your app with 'next build' before starting the production server. https://nextjs.org/docs/messages/production-start-no-build-id
2025-03-17 10:20:47:     at setupFsCheck (/var/www/billard-score-app/node_modules/next/dist/server/lib/router-utils/filesystem.js:149:19)
2025-03-17 10:20:47:     at async initialize (/var/www/billard-score-app/node_modules/next/dist/server/lib/router-server.js:65:23)
2025-03-17 10:20:47:     at async Server.<anonymous> (/var/www/billard-score-app/node_modules/next/dist/server/lib/start-server.js:266:36)
2025-03-17 10:20:48: Error: Could not find a production build in the '.next' directory. Try building your app with 'next build' before starting the production server. https://nextjs.org/docs/messages/production-start-no-build-id
2025-03-17 10:20:48:     at setupFsCheck (/var/www/billard-score-app/node_modules/next/dist/server/lib/router-utils/filesystem.js:149:19)
2025-03-17 10:20:48:     at async initialize (/var/www/billard-score-app/node_modules/next/dist/server/lib/router-server.js:65:23)
2025-03-17 10:20:48:     at async Server.<anonymous> (/var/www/billard-score-app/node_modules/next/dist/server/lib/start-server.js:266:36)
2025-03-17 10:20:48: Error: Could not find a production build in the '.next' directory. Try building your app with 'next build' before starting the production server. https://nextjs.org/docs/messages/production-start-no-build-id
2025-03-17 10:20:48:     at setupFsCheck (/var/www/billard-score-app/node_modules/next/dist/server/lib/router-utils/filesystem.js:149:19)
2025-03-17 10:20:48:     at async initialize (/var/www/billard-score-app/node_modules/next/dist/server/lib/router-server.js:65:23)
2025-03-17 10:20:48:     at async Server.<anonymous> (/var/www/billard-score-app/node_modules/next/dist/server/lib/start-server.js:266:36)
2025-03-17 10:20:50: Error: Could not find a production build in the '.next' directory. Try building your app with 'next build' before starting the production server. https://nextjs.org/docs/messages/production-start-no-build-id
2025-03-17 10:20:50:     at setupFsCheck (/var/www/billard-score-app/node_modules/next/dist/server/lib/router-utils/filesystem.js:149:19)
2025-03-17 10:20:50:     at async initialize (/var/www/billard-score-app/node_modules/next/dist/server/lib/router-server.js:65:23)
2025-03-17 10:20:50:     at async Server.<anonymous> (/var/www/billard-score-app/node_modules/next/dist/server/lib/start-server.js:266:36)
2025-03-17 10:20:51: Error: Could not find a production build in the '.next' directory. Try building your app with 'next build' before starting the production server. https://nextjs.org/docs/messages/production-start-no-build-id
2025-03-17 10:20:51:     at setupFsCheck (/var/www/billard-score-app/node_modules/next/dist/server/lib/router-utils/filesystem.js:149:19)
2025-03-17 10:20:51:     at async initialize (/var/www/billard-score-app/node_modules/next/dist/server/lib/router-server.js:65:23)
2025-03-17 10:20:51:     at async Server.<anonymous> (/var/www/billard-score-app/node_modules/next/dist/server/lib/start-server.js:266:36)
2025-03-17 10:20:51: Error: Could not find a production build in the '.next' directory. Try building your app with 'next build' before starting the production server. https://nextjs.org/docs/messages/production-start-no-build-id
2025-03-17 10:20:51:     at setupFsCheck (/var/www/billard-score-app/node_modules/next/dist/server/lib/router-utils/filesystem.js:149:19)
2025-03-17 10:20:51:     at async initialize (/var/www/billard-score-app/node_modules/next/dist/server/lib/router-server.js:65:23)
2025-03-17 10:20:51:     at async Server.<anonymous> (/var/www/billard-score-app/node_modules/next/dist/server/lib/start-server.js:266:36)
2025-03-17 10:20:52: Error: Could not find a production build in the '.next' directory. Try building your app with 'next build' before starting the production server. https://nextjs.org/docs/messages/production-start-no-build-id
2025-03-17 10:20:52:     at setupFsCheck (/var/www/billard-score-app/node_modules/next/dist/server/lib/router-utils/filesystem.js:149:19)
2025-03-17 10:20:52:     at async initialize (/var/www/billard-score-app/node_modules/next/dist/server/lib/router-server.js:65:23)
2025-03-17 10:20:52:     at async Server.<anonymous> (/var/www/billard-score-app/node_modules/next/dist/server/lib/start-server.js:266:36)
2025-03-17 10:20:53: Error: Could not find a production build in the '.next' directory. Try building your app with 'next build' before starting the production server. https://nextjs.org/docs/messages/production-start-no-build-id
2025-03-17 10:20:53:     at setupFsCheck (/var/www/billard-score-app/node_modules/next/dist/server/lib/router-utils/filesystem.js:149:19)
2025-03-17 10:20:53:     at async initialize (/var/www/billard-score-app/node_modules/next/dist/server/lib/router-server.js:65:23)
2025-03-17 10:20:53:     at async Server.<anonymous> (/var/www/billard-score-app/node_modules/next/dist/server/lib/start-server.js:266:36)
2025-03-17 10:20:54: Error: Could not find a production build in the '.next' directory. Try building your app with 'next build' before starting the production server. https://nextjs.org/docs/messages/production-start-no-build-id
2025-03-17 10:20:54:     at setupFsCheck (/var/www/billard-score-app/node_modules/next/dist/server/lib/router-utils/filesystem.js:149:19)
2025-03-17 10:20:54:     at async initialize (/var/www/billard-score-app/node_modules/next/dist/server/lib/router-server.js:65:23)
2025-03-17 10:20:54:     at async Server.<anonymous> (/var/www/billard-score-app/node_modules/next/dist/server/lib/start-server.js:266:36)
2025-03-17 10:20:54: Error: Could not find a production build in the '.next' directory. Try building your app with 'next build' before starting the production server. https://nextjs.org/docs/messages/production-start-no-build-id
2025-03-17 10:20:54:     at setupFsCheck (/var/www/billard-score-app/node_modules/next/dist/server/lib/router-utils/filesystem.js:149:19)
2025-03-17 10:20:54:     at async initialize (/var/www/billard-score-app/node_modules/next/dist/server/lib/router-server.js:65:23)
2025-03-17 10:20:54:     at async Server.<anonymous> (/var/www/billard-score-app/node_modules/next/dist/server/lib/start-server.js:266:36)
2025-03-17 10:20:55: Error: Could not find a production build in the '.next' directory. Try building your app with 'next build' before starting the production server. https://nextjs.org/docs/messages/production-start-no-build-id
2025-03-17 10:20:55:     at setupFsCheck (/var/www/billard-score-app/node_modules/next/dist/server/lib/router-utils/filesystem.js:149:19)
2025-03-17 10:20:55:     at async initialize (/var/www/billard-score-app/node_modules/next/dist/server/lib/router-server.js:65:23)
2025-03-17 10:20:55:     at async Server.<anonymous> (/var/www/billard-score-app/node_modules/next/dist/server/lib/start-server.js:266:36)
2025-03-17 10:20:56: Error: Could not find a production build in the '.next' directory. Try building your app with 'next build' before starting the production server. https://nextjs.org/docs/messages/production-start-no-build-id
2025-03-17 10:20:56:     at setupFsCheck (/var/www/billard-score-app/node_modules/next/dist/server/lib/router-utils/filesystem.js:149:19)
2025-03-17 10:20:56:     at async initialize (/var/www/billard-score-app/node_modules/next/dist/server/lib/router-server.js:65:23)
2025-03-17 10:20:56:     at async Server.<anonymous> (/var/www/billard-score-app/node_modules/next/dist/server/lib/start-server.js:266:36)
2025-03-17 10:20:56: Error: Could not find a production build in the '.next' directory. Try building your app with 'next build' before starting the production server. https://nextjs.org/docs/messages/production-start-no-build-id
2025-03-17 10:20:56:     at setupFsCheck (/var/www/billard-score-app/node_modules/next/dist/server/lib/router-utils/filesystem.js:149:19)
2025-03-17 10:20:56:     at async initialize (/var/www/billard-score-app/node_modules/next/dist/server/lib/router-server.js:65:23)
2025-03-17 10:20:56:     at async Server.<anonymous> (/var/www/billard-score-app/node_modules/next/dist/server/lib/start-server.js:266:36)
2025-03-17 10:20:57: Error: Could not find a production build in the '.next' directory. Try building your app with 'next build' before starting the production server. https://nextjs.org/docs/messages/production-start-no-build-id
2025-03-17 10:20:57:     at setupFsCheck (/var/www/billard-score-app/node_modules/next/dist/server/lib/router-utils/filesystem.js:149:19)
2025-03-17 10:20:57:     at async initialize (/var/www/billard-score-app/node_modules/next/dist/server/lib/router-server.js:65:23)
2025-03-17 10:20:57:     at async Server.<anonymous> (/var/www/billard-score-app/node_modules/next/dist/server/lib/start-server.js:266:36)
2025-03-17 10:20:58: Error: Could not find a production build in the '.next' directory. Try building your app with 'next build' before starting the production server. https://nextjs.org/docs/messages/production-start-no-build-id
2025-03-17 10:20:58:     at setupFsCheck (/var/www/billard-score-app/node_modules/next/dist/server/lib/router-utils/filesystem.js:149:19)
2025-03-17 10:20:58:     at async initialize (/var/www/billard-score-app/node_modules/next/dist/server/lib/router-server.js:65:23)
2025-03-17 10:20:58:     at async Server.<anonymous> (/var/www/billard-score-app/node_modules/next/dist/server/lib/start-server.js:266:36)
2025-03-17 10:20:59: Error: Could not find a production build in the '.next' directory. Try building your app with 'next build' before starting the production server. https://nextjs.org/docs/messages/production-start-no-build-id
2025-03-17 10:20:59:     at setupFsCheck (/var/www/billard-score-app/node_modules/next/dist/server/lib/router-utils/filesystem.js:149:19)
2025-03-17 10:20:59:     at async initialize (/var/www/billard-score-app/node_modules/next/dist/server/lib/router-server.js:65:23)
2025-03-17 10:20:59:     at async Server.<anonymous> (/var/www/billard-score-app/node_modules/next/dist/server/lib/start-server.js:266:36)
2025-03-17 10:21:00: Error: Could not find a production build in the '.next' directory. Try building your app with 'next build' before starting the production server. https://nextjs.org/docs/messages/production-start-no-build-id
2025-03-17 10:21:00:     at setupFsCheck (/var/www/billard-score-app/node_modules/next/dist/server/lib/router-utils/filesystem.js:149:19)
2025-03-17 10:21:00:     at async initialize (/var/www/billard-score-app/node_modules/next/dist/server/lib/router-server.js:65:23)
2025-03-17 10:21:00:     at async Server.<anonymous> (/var/www/billard-score-app/node_modules/next/dist/server/lib/start-server.js:266:36)
2025-03-17 10:21:01: Error: Could not find a production build in the '.next' directory. Try building your app with 'next build' before starting the production server. https://nextjs.org/docs/messages/production-start-no-build-id
2025-03-17 10:21:01:     at setupFsCheck (/var/www/billard-score-app/node_modules/next/dist/server/lib/router-utils/filesystem.js:149:19)
2025-03-17 10:21:01:     at async initialize (/var/www/billard-score-app/node_modules/next/dist/server/lib/router-server.js:65:23)
2025-03-17 10:21:01:     at async Server.<anonymous> (/var/www/billard-score-app/node_modules/next/dist/server/lib/start-server.js:266:36)
2025-03-17 10:21:02: Error: Could not find a production build in the '.next' directory. Try building your app with 'next build' before starting the production server. https://nextjs.org/docs/messages/production-start-no-build-id
2025-03-17 10:21:02:     at setupFsCheck (/var/www/billard-score-app/node_modules/next/dist/server/lib/router-utils/filesystem.js:149:19)
2025-03-17 10:21:02:     at async initialize (/var/www/billard-score-app/node_modules/next/dist/server/lib/router-server.js:65:23)
2025-03-17 10:21:02:     at async Server.<anonymous> (/var/www/billard-score-app/node_modules/next/dist/server/lib/start-server.js:266:36)
2025-03-17 10:21:03: Error: Could not find a production build in the '.next' directory. Try building your app with 'next build' before starting the production server. https://nextjs.org/docs/messages/production-start-no-build-id
2025-03-17 10:21:03:     at setupFsCheck (/var/www/billard-score-app/node_modules/next/dist/server/lib/router-utils/filesystem.js:149:19)
2025-03-17 10:21:03:     at async initialize (/var/www/billard-score-app/node_modules/next/dist/server/lib/router-server.js:65:23)
2025-03-17 10:21:03:     at async Server.<anonymous> (/var/www/billard-score-app/node_modules/next/dist/server/lib/start-server.js:266:36)
2025-03-17 10:21:03: Error: Could not find a production build in the '.next' directory. Try building your app with 'next build' before starting the production server. https://nextjs.org/docs/messages/production-start-no-build-id
2025-03-17 10:21:03:     at setupFsCheck (/var/www/billard-score-app/node_modules/next/dist/server/lib/router-utils/filesystem.js:149:19)
2025-03-17 10:21:03:     at async initialize (/var/www/billard-score-app/node_modules/next/dist/server/lib/router-server.js:65:23)
2025-03-17 10:21:03:     at async Server.<anonymous> (/var/www/billard-score-app/node_modules/next/dist/server/lib/start-server.js:266:36)
2025-03-17 10:21:04: Error: Could not find a production build in the '.next' directory. Try building your app with 'next build' before starting the production server. https://nextjs.org/docs/messages/production-start-no-build-id
2025-03-17 10:21:04:     at setupFsCheck (/var/www/billard-score-app/node_modules/next/dist/server/lib/router-utils/filesystem.js:149:19)
2025-03-17 10:21:04:     at async initialize (/var/www/billard-score-app/node_modules/next/dist/server/lib/router-server.js:65:23)
2025-03-17 10:21:04:     at async Server.<anonymous> (/var/www/billard-score-app/node_modules/next/dist/server/lib/start-server.js:266:36)
2025-03-17 10:21:05: Error: Could not find a production build in the '.next' directory. Try building your app with 'next build' before starting the production server. https://nextjs.org/docs/messages/production-start-no-build-id
2025-03-17 10:21:05:     at setupFsCheck (/var/www/billard-score-app/node_modules/next/dist/server/lib/router-utils/filesystem.js:149:19)
2025-03-17 10:21:05:     at async initialize (/var/www/billard-score-app/node_modules/next/dist/server/lib/router-server.js:65:23)
2025-03-17 10:21:05:     at async Server.<anonymous> (/var/www/billard-score-app/node_modules/next/dist/server/lib/start-server.js:266:36)
2025-03-17 10:21:05: Error: Could not find a production build in the '.next' directory. Try building your app with 'next build' before starting the production server. https://nextjs.org/docs/messages/production-start-no-build-id
2025-03-17 10:21:05:     at setupFsCheck (/var/www/billard-score-app/node_modules/next/dist/server/lib/router-utils/filesystem.js:149:19)
2025-03-17 10:21:05:     at async initialize (/var/www/billard-score-app/node_modules/next/dist/server/lib/router-server.js:65:23)
2025-03-17 10:21:05:     at async Server.<anonymous> (/var/www/billard-score-app/node_modules/next/dist/server/lib/start-server.js:266:36)
2025-03-17 10:21:06: Error: Could not find a production build in the '.next' directory. Try building your app with 'next build' before starting the production server. https://nextjs.org/docs/messages/production-start-no-build-id
2025-03-17 10:21:06:     at setupFsCheck (/var/www/billard-score-app/node_modules/next/dist/server/lib/router-utils/filesystem.js:149:19)
2025-03-17 10:21:06:     at async initialize (/var/www/billard-score-app/node_modules/next/dist/server/lib/router-server.js:65:23)
2025-03-17 10:21:06:     at async Server.<anonymous> (/var/www/billard-score-app/node_modules/next/dist/server/lib/start-server.js:266:36)
2025-03-17 10:21:07: Error: Could not find a production build in the '.next' directory. Try building your app with 'next build' before starting the production server. https://nextjs.org/docs/messages/production-start-no-build-id
2025-03-17 10:21:07:     at setupFsCheck (/var/www/billard-score-app/node_modules/next/dist/server/lib/router-utils/filesystem.js:149:19)
2025-03-17 10:21:07:     at async initialize (/var/www/billard-score-app/node_modules/next/dist/server/lib/router-server.js:65:23)
2025-03-17 10:21:07:     at async Server.<anonymous> (/var/www/billard-score-app/node_modules/next/dist/server/lib/start-server.js:266:36)
2025-03-17 10:21:08: Error: Could not find a production build in the '.next' directory. Try building your app with 'next build' before starting the production server. https://nextjs.org/docs/messages/production-start-no-build-id
2025-03-17 10:21:08:     at setupFsCheck (/var/www/billard-score-app/node_modules/next/dist/server/lib/router-utils/filesystem.js:149:19)
2025-03-17 10:21:08:     at async initialize (/var/www/billard-score-app/node_modules/next/dist/server/lib/router-server.js:65:23)
2025-03-17 10:21:08:     at async Server.<anonymous> (/var/www/billard-score-app/node_modules/next/dist/server/lib/start-server.js:266:36)
2025-03-17 10:21:08: Error: Could not find a production build in the '.next' directory. Try building your app with 'next build' before starting the production server. https://nextjs.org/docs/messages/production-start-no-build-id
2025-03-17 10:21:08:     at setupFsCheck (/var/www/billard-score-app/node_modules/next/dist/server/lib/router-utils/filesystem.js:149:19)
2025-03-17 10:21:08:     at async initialize (/var/www/billard-score-app/node_modules/next/dist/server/lib/router-server.js:65:23)
2025-03-17 10:21:08:     at async Server.<anonymous> (/var/www/billard-score-app/node_modules/next/dist/server/lib/start-server.js:266:36)
2025-03-17 10:21:09: Error: Could not find a production build in the '.next' directory. Try building your app with 'next build' before starting the production server. https://nextjs.org/docs/messages/production-start-no-build-id
2025-03-17 10:21:09:     at setupFsCheck (/var/www/billard-score-app/node_modules/next/dist/server/lib/router-utils/filesystem.js:149:19)
2025-03-17 10:21:09:     at async initialize (/var/www/billard-score-app/node_modules/next/dist/server/lib/router-server.js:65:23)
2025-03-17 10:21:09:     at async Server.<anonymous> (/var/www/billard-score-app/node_modules/next/dist/server/lib/start-server.js:266:36)
2025-03-17 10:21:10: Error: Could not find a production build in the '.next' directory. Try building your app with 'next build' before starting the production server. https://nextjs.org/docs/messages/production-start-no-build-id
2025-03-17 10:21:10:     at setupFsCheck (/var/www/billard-score-app/node_modules/next/dist/server/lib/router-utils/filesystem.js:149:19)
2025-03-17 10:21:10:     at async initialize (/var/www/billard-score-app/node_modules/next/dist/server/lib/router-server.js:65:23)
2025-03-17 10:21:10:     at async Server.<anonymous> (/var/www/billard-score-app/node_modules/next/dist/server/lib/start-server.js:266:36)
2025-03-17 10:21:10: Error: Could not find a production build in the '.next' directory. Try building your app with 'next build' before starting the production server. https://nextjs.org/docs/messages/production-start-no-build-id
2025-03-17 10:21:10:     at setupFsCheck (/var/www/billard-score-app/node_modules/next/dist/server/lib/router-utils/filesystem.js:149:19)
2025-03-17 10:21:10:     at async initialize (/var/www/billard-score-app/node_modules/next/dist/server/lib/router-server.js:65:23)
2025-03-17 10:21:10:     at async Server.<anonymous> (/var/www/billard-score-app/node_modules/next/dist/server/lib/start-server.js:266:36)
2025-03-17 10:25:41: Error: Could not find a production build in the '.next' directory. Try building your app with 'next build' before starting the production server. https://nextjs.org/docs/messages/production-start-no-build-id
2025-03-17 10:25:41:     at setupFsCheck (/var/www/billard-score-app/node_modules/next/dist/server/lib/router-utils/filesystem.js:149:19)
2025-03-17 10:25:41:     at async initialize (/var/www/billard-score-app/node_modules/next/dist/server/lib/router-server.js:65:23)
2025-03-17 10:25:41:     at async Server.<anonymous> (/var/www/billard-score-app/node_modules/next/dist/server/lib/start-server.js:266:36)
2025-03-17 10:25:42: Error: Could not find a production build in the '.next' directory. Try building your app with 'next build' before starting the production server. https://nextjs.org/docs/messages/production-start-no-build-id
2025-03-17 10:25:42:     at setupFsCheck (/var/www/billard-score-app/node_modules/next/dist/server/lib/router-utils/filesystem.js:149:19)
2025-03-17 10:25:42:     at async initialize (/var/www/billard-score-app/node_modules/next/dist/server/lib/router-server.js:65:23)
2025-03-17 10:25:42:     at async Server.<anonymous> (/var/www/billard-score-app/node_modules/next/dist/server/lib/start-server.js:266:36)
2025-03-17 10:25:42: Error: Could not find a production build in the '.next' directory. Try building your app with 'next build' before starting the production server. https://nextjs.org/docs/messages/production-start-no-build-id
2025-03-17 10:25:42:     at setupFsCheck (/var/www/billard-score-app/node_modules/next/dist/server/lib/router-utils/filesystem.js:149:19)
2025-03-17 10:25:42:     at async initialize (/var/www/billard-score-app/node_modules/next/dist/server/lib/router-server.js:65:23)
2025-03-17 10:25:42:     at async Server.<anonymous> (/var/www/billard-score-app/node_modules/next/dist/server/lib/start-server.js:266:36)
2025-03-17 10:25:43: Error: Could not find a production build in the '.next' directory. Try building your app with 'next build' before starting the production server. https://nextjs.org/docs/messages/production-start-no-build-id
2025-03-17 10:25:43:     at setupFsCheck (/var/www/billard-score-app/node_modules/next/dist/server/lib/router-utils/filesystem.js:149:19)
2025-03-17 10:25:43:     at async initialize (/var/www/billard-score-app/node_modules/next/dist/server/lib/router-server.js:65:23)
2025-03-17 10:25:43:     at async Server.<anonymous> (/var/www/billard-score-app/node_modules/next/dist/server/lib/start-server.js:266:36)
2025-03-17 10:25:44: Error: Could not find a production build in the '.next' directory. Try building your app with 'next build' before starting the production server. https://nextjs.org/docs/messages/production-start-no-build-id
2025-03-17 10:25:44:     at setupFsCheck (/var/www/billard-score-app/node_modules/next/dist/server/lib/router-utils/filesystem.js:149:19)
2025-03-17 10:25:44:     at async initialize (/var/www/billard-score-app/node_modules/next/dist/server/lib/router-server.js:65:23)
2025-03-17 10:25:44:     at async Server.<anonymous> (/var/www/billard-score-app/node_modules/next/dist/server/lib/start-server.js:266:36)
2025-03-17 10:25:44: Error: Could not find a production build in the '.next' directory. Try building your app with 'next build' before starting the production server. https://nextjs.org/docs/messages/production-start-no-build-id
2025-03-17 10:25:44:     at setupFsCheck (/var/www/billard-score-app/node_modules/next/dist/server/lib/router-utils/filesystem.js:149:19)
2025-03-17 10:25:44:     at async initialize (/var/www/billard-score-app/node_modules/next/dist/server/lib/router-server.js:65:23)
2025-03-17 10:25:44:     at async Server.<anonymous> (/var/www/billard-score-app/node_modules/next/dist/server/lib/start-server.js:266:36)
2025-03-17 10:25:45: Error: Could not find a production build in the '.next' directory. Try building your app with 'next build' before starting the production server. https://nextjs.org/docs/messages/production-start-no-build-id
2025-03-17 10:25:45:     at setupFsCheck (/var/www/billard-score-app/node_modules/next/dist/server/lib/router-utils/filesystem.js:149:19)
2025-03-17 10:25:45:     at async initialize (/var/www/billard-score-app/node_modules/next/dist/server/lib/router-server.js:65:23)
2025-03-17 10:25:45:     at async Server.<anonymous> (/var/www/billard-score-app/node_modules/next/dist/server/lib/start-server.js:266:36)
2025-03-17 10:25:46: Error: Could not find a production build in the '.next' directory. Try building your app with 'next build' before starting the production server. https://nextjs.org/docs/messages/production-start-no-build-id
2025-03-17 10:25:46:     at setupFsCheck (/var/www/billard-score-app/node_modules/next/dist/server/lib/router-utils/filesystem.js:149:19)
2025-03-17 10:25:46:     at async initialize (/var/www/billard-score-app/node_modules/next/dist/server/lib/router-server.js:65:23)
2025-03-17 10:25:46:     at async Server.<anonymous> (/var/www/billard-score-app/node_modules/next/dist/server/lib/start-server.js:266:36)
2025-03-17 10:25:46: Error: Could not find a production build in the '.next' directory. Try building your app with 'next build' before starting the production server. https://nextjs.org/docs/messages/production-start-no-build-id
2025-03-17 10:25:46:     at setupFsCheck (/var/www/billard-score-app/node_modules/next/dist/server/lib/router-utils/filesystem.js:149:19)
2025-03-17 10:25:46:     at async initialize (/var/www/billard-score-app/node_modules/next/dist/server/lib/router-server.js:65:23)
2025-03-17 10:25:46:     at async Server.<anonymous> (/var/www/billard-score-app/node_modules/next/dist/server/lib/start-server.js:266:36)
2025-03-17 10:25:47: Error: Could not find a production build in the '.next' directory. Try building your app with 'next build' before starting the production server. https://nextjs.org/docs/messages/production-start-no-build-id
2025-03-17 10:25:47:     at setupFsCheck (/var/www/billard-score-app/node_modules/next/dist/server/lib/router-utils/filesystem.js:149:19)
2025-03-17 10:25:47:     at async initialize (/var/www/billard-score-app/node_modules/next/dist/server/lib/router-server.js:65:23)
2025-03-17 10:25:47:     at async Server.<anonymous> (/var/www/billard-score-app/node_modules/next/dist/server/lib/start-server.js:266:36)
2025-03-17 10:25:48: Error: Could not find a production build in the '.next' directory. Try building your app with 'next build' before starting the production server. https://nextjs.org/docs/messages/production-start-no-build-id
2025-03-17 10:25:48:     at setupFsCheck (/var/www/billard-score-app/node_modules/next/dist/server/lib/router-utils/filesystem.js:149:19)
2025-03-17 10:25:48:     at async initialize (/var/www/billard-score-app/node_modules/next/dist/server/lib/router-server.js:65:23)
2025-03-17 10:25:48:     at async Server.<anonymous> (/var/www/billard-score-app/node_modules/next/dist/server/lib/start-server.js:266:36)
2025-03-17 10:25:48: Error: Could not find a production build in the '.next' directory. Try building your app with 'next build' before starting the production server. https://nextjs.org/docs/messages/production-start-no-build-id
2025-03-17 10:25:48:     at setupFsCheck (/var/www/billard-score-app/node_modules/next/dist/server/lib/router-utils/filesystem.js:149:19)
2025-03-17 10:25:48:     at async initialize (/var/www/billard-score-app/node_modules/next/dist/server/lib/router-server.js:65:23)
2025-03-17 10:25:48:     at async Server.<anonymous> (/var/www/billard-score-app/node_modules/next/dist/server/lib/start-server.js:266:36)
2025-03-17 10:25:49: Error: Could not find a production build in the '.next' directory. Try building your app with 'next build' before starting the production server. https://nextjs.org/docs/messages/production-start-no-build-id
2025-03-17 10:25:49:     at setupFsCheck (/var/www/billard-score-app/node_modules/next/dist/server/lib/router-utils/filesystem.js:149:19)
2025-03-17 10:25:49:     at async initialize (/var/www/billard-score-app/node_modules/next/dist/server/lib/router-server.js:65:23)
2025-03-17 10:25:49:     at async Server.<anonymous> (/var/www/billard-score-app/node_modules/next/dist/server/lib/start-server.js:266:36)
2025-03-17 10:25:50: Error: Could not find a production build in the '.next' directory. Try building your app with 'next build' before starting the production server. https://nextjs.org/docs/messages/production-start-no-build-id
2025-03-17 10:25:50:     at setupFsCheck (/var/www/billard-score-app/node_modules/next/dist/server/lib/router-utils/filesystem.js:149:19)
2025-03-17 10:25:50:     at async initialize (/var/www/billard-score-app/node_modules/next/dist/server/lib/router-server.js:65:23)
2025-03-17 10:25:50:     at async Server.<anonymous> (/var/www/billard-score-app/node_modules/next/dist/server/lib/start-server.js:266:36)
2025-03-17 10:25:51: Error: Could not find a production build in the '.next' directory. Try building your app with 'next build' before starting the production server. https://nextjs.org/docs/messages/production-start-no-build-id
2025-03-17 10:25:51:     at setupFsCheck (/var/www/billard-score-app/node_modules/next/dist/server/lib/router-utils/filesystem.js:149:19)
2025-03-17 10:25:51:     at async initialize (/var/www/billard-score-app/node_modules/next/dist/server/lib/router-server.js:65:23)
2025-03-17 10:25:51:     at async Server.<anonymous> (/var/www/billard-score-app/node_modules/next/dist/server/lib/start-server.js:266:36)
2025-03-17 10:25:52: Error: Could not find a production build in the '.next' directory. Try building your app with 'next build' before starting the production server. https://nextjs.org/docs/messages/production-start-no-build-id
2025-03-17 10:25:52:     at setupFsCheck (/var/www/billard-score-app/node_modules/next/dist/server/lib/router-utils/filesystem.js:149:19)
2025-03-17 10:25:52:     at async initialize (/var/www/billard-score-app/node_modules/next/dist/server/lib/router-server.js:65:23)
2025-03-17 10:25:52:     at async Server.<anonymous> (/var/www/billard-score-app/node_modules/next/dist/server/lib/start-server.js:266:36)
2025-03-17 10:25:53: Error: Could not find a production build in the '.next' directory. Try building your app with 'next build' before starting the production server. https://nextjs.org/docs/messages/production-start-no-build-id
2025-03-17 10:25:53:     at setupFsCheck (/var/www/billard-score-app/node_modules/next/dist/server/lib/router-utils/filesystem.js:149:19)
2025-03-17 10:25:53:     at async initialize (/var/www/billard-score-app/node_modules/next/dist/server/lib/router-server.js:65:23)
2025-03-17 10:25:53:     at async Server.<anonymous> (/var/www/billard-score-app/node_modules/next/dist/server/lib/start-server.js:266:36)
2025-03-17 10:25:54: Error: Could not find a production build in the '.next' directory. Try building your app with 'next build' before starting the production server. https://nextjs.org/docs/messages/production-start-no-build-id
2025-03-17 10:25:54:     at setupFsCheck (/var/www/billard-score-app/node_modules/next/dist/server/lib/router-utils/filesystem.js:149:19)
2025-03-17 10:25:54:     at async initialize (/var/www/billard-score-app/node_modules/next/dist/server/lib/router-server.js:65:23)
2025-03-17 10:25:54:     at async Server.<anonymous> (/var/www/billard-score-app/node_modules/next/dist/server/lib/start-server.js:266:36)
