2025-03-17 10:20:44: 
2025-03-17 10:20:44: > billard-score-app@0.1.0 next-start
2025-03-17 10:20:44: > next start
2025-03-17 10:20:44: 
2025-03-17 10:20:44:    ▲ Next.js 15.0.2
2025-03-17 10:20:44:    - Local:        http://localhost:3000
2025-03-17 10:20:44: 
2025-03-17 10:20:44:  ✓ Starting...
2025-03-17 10:20:45: 
2025-03-17 10:20:45: > billard-score-app@0.1.0 next-start
2025-03-17 10:20:45: > next start
2025-03-17 10:20:45: 
2025-03-17 10:20:45:    ▲ Next.js 15.0.2
2025-03-17 10:20:45:    - Local:        http://localhost:3000
2025-03-17 10:20:45: 
2025-03-17 10:20:45:  ✓ Starting...
2025-03-17 10:20:46: 
2025-03-17 10:20:46: > billard-score-app@0.1.0 next-start
2025-03-17 10:20:46: > next start
2025-03-17 10:20:46: 
2025-03-17 10:20:46:    ▲ Next.js 15.0.2
2025-03-17 10:20:46:    - Local:        http://localhost:3000
2025-03-17 10:20:46: 
2025-03-17 10:20:46:  ✓ Starting...
2025-03-17 10:20:46: 
2025-03-17 10:20:46: > billard-score-app@0.1.0 next-start
2025-03-17 10:20:46: > next start
2025-03-17 10:20:46: 
2025-03-17 10:20:47:    ▲ Next.js 15.0.2
2025-03-17 10:20:47:    - Local:        http://localhost:3000
2025-03-17 10:20:47: 
2025-03-17 10:20:47:  ✓ Starting...
2025-03-17 10:20:47: 
2025-03-17 10:20:47: > billard-score-app@0.1.0 next-start
2025-03-17 10:20:47: > next start
2025-03-17 10:20:47: 
2025-03-17 10:20:48:    ▲ Next.js 15.0.2
2025-03-17 10:20:48:    - Local:        http://localhost:3000
2025-03-17 10:20:48: 
2025-03-17 10:20:48:  ✓ Starting...
2025-03-17 10:20:48: 
2025-03-17 10:20:48: > billard-score-app@0.1.0 next-start
2025-03-17 10:20:48: > next start
2025-03-17 10:20:48: 
2025-03-17 10:20:48:    ▲ Next.js 15.0.2
2025-03-17 10:20:48:    - Local:        http://localhost:3000
2025-03-17 10:20:48: 
2025-03-17 10:20:48:  ✓ Starting...
2025-03-17 10:20:49: 
2025-03-17 10:20:49: > billard-score-app@0.1.0 next-start
2025-03-17 10:20:49: > next start
2025-03-17 10:20:49: 
2025-03-17 10:20:49:    ▲ Next.js 15.0.2
2025-03-17 10:20:49:    - Local:        http://localhost:3000
2025-03-17 10:20:49: 
2025-03-17 10:20:49:  ✓ Starting...
2025-03-17 10:20:50: 
2025-03-17 10:20:50: > billard-score-app@0.1.0 next-start
2025-03-17 10:20:50: > next start
2025-03-17 10:20:50: 
2025-03-17 10:20:50:    ▲ Next.js 15.0.2
2025-03-17 10:20:50:    - Local:        http://localhost:3000
2025-03-17 10:20:50: 
2025-03-17 10:20:50:  ✓ Starting...
2025-03-17 10:20:51: 
2025-03-17 10:20:51: > billard-score-app@0.1.0 next-start
2025-03-17 10:20:51: > next start
2025-03-17 10:20:51: 
2025-03-17 10:20:51:    ▲ Next.js 15.0.2
2025-03-17 10:20:51:    - Local:        http://localhost:3000
2025-03-17 10:20:51: 
2025-03-17 10:20:51:  ✓ Starting...
2025-03-17 10:20:52: 
2025-03-17 10:20:52: > billard-score-app@0.1.0 next-start
2025-03-17 10:20:52: > next start
2025-03-17 10:20:52: 
2025-03-17 10:20:52:    ▲ Next.js 15.0.2
2025-03-17 10:20:52:    - Local:        http://localhost:3000
2025-03-17 10:20:52: 
2025-03-17 10:20:52:  ✓ Starting...
2025-03-17 10:20:52: 
2025-03-17 10:20:52: > billard-score-app@0.1.0 next-start
2025-03-17 10:20:52: > next start
2025-03-17 10:20:52: 
2025-03-17 10:20:53:    ▲ Next.js 15.0.2
2025-03-17 10:20:53:    - Local:        http://localhost:3000
2025-03-17 10:20:53: 
2025-03-17 10:20:53:  ✓ Starting...
2025-03-17 10:20:53: 
2025-03-17 10:20:53: > billard-score-app@0.1.0 next-start
2025-03-17 10:20:53: > next start
2025-03-17 10:20:53: 
2025-03-17 10:20:53:    ▲ Next.js 15.0.2
2025-03-17 10:20:53:    - Local:        http://localhost:3000
2025-03-17 10:20:53: 
2025-03-17 10:20:53:  ✓ Starting...
2025-03-17 10:20:54: 
2025-03-17 10:20:54: > billard-score-app@0.1.0 next-start
2025-03-17 10:20:54: > next start
2025-03-17 10:20:54: 
2025-03-17 10:20:54:    ▲ Next.js 15.0.2
2025-03-17 10:20:54:    - Local:        http://localhost:3000
2025-03-17 10:20:54: 
2025-03-17 10:20:54:  ✓ Starting...
2025-03-17 10:20:55: 
2025-03-17 10:20:55: > billard-score-app@0.1.0 next-start
2025-03-17 10:20:55: > next start
2025-03-17 10:20:55: 
2025-03-17 10:20:55:    ▲ Next.js 15.0.2
2025-03-17 10:20:55:    - Local:        http://localhost:3000
2025-03-17 10:20:55: 
2025-03-17 10:20:55:  ✓ Starting...
2025-03-17 10:20:55: 
2025-03-17 10:20:55: > billard-score-app@0.1.0 next-start
2025-03-17 10:20:55: > next start
2025-03-17 10:20:55: 
2025-03-17 10:20:56:    ▲ Next.js 15.0.2
2025-03-17 10:20:56:    - Local:        http://localhost:3000
2025-03-17 10:20:56: 
2025-03-17 10:20:56:  ✓ Starting...
2025-03-17 10:20:56: 
2025-03-17 10:20:56: > billard-score-app@0.1.0 next-start
2025-03-17 10:20:56: > next start
2025-03-17 10:20:56: 
2025-03-17 10:20:56:    ▲ Next.js 15.0.2
2025-03-17 10:20:56:    - Local:        http://localhost:3000
2025-03-17 10:20:56: 
2025-03-17 10:20:56:  ✓ Starting...
2025-03-17 10:20:57: 
2025-03-17 10:20:57: > billard-score-app@0.1.0 next-start
2025-03-17 10:20:57: > next start
2025-03-17 10:20:57: 
2025-03-17 10:20:57:    ▲ Next.js 15.0.2
2025-03-17 10:20:57:    - Local:        http://localhost:3000
2025-03-17 10:20:57: 
2025-03-17 10:20:57:  ✓ Starting...
2025-03-17 10:20:57: 
2025-03-17 10:20:57: > billard-score-app@0.1.0 next-start
2025-03-17 10:20:57: > next start
2025-03-17 10:20:57: 
2025-03-17 10:20:58:    ▲ Next.js 15.0.2
2025-03-17 10:20:58:    - Local:        http://localhost:3000
2025-03-17 10:20:58: 
2025-03-17 10:20:58:  ✓ Starting...
2025-03-17 10:20:59: 
2025-03-17 10:20:59: > billard-score-app@0.1.0 next-start
2025-03-17 10:20:59: > next start
2025-03-17 10:20:59: 
2025-03-17 10:20:59:    ▲ Next.js 15.0.2
2025-03-17 10:20:59:    - Local:        http://localhost:3000
2025-03-17 10:20:59: 
2025-03-17 10:20:59:  ✓ Starting...
2025-03-17 10:21:00: 
2025-03-17 10:21:00: > billard-score-app@0.1.0 next-start
2025-03-17 10:21:00: > next start
2025-03-17 10:21:00: 
2025-03-17 10:21:00:    ▲ Next.js 15.0.2
2025-03-17 10:21:00:    - Local:        http://localhost:3000
2025-03-17 10:21:00: 
2025-03-17 10:21:00:  ✓ Starting...
2025-03-17 10:21:00: 
2025-03-17 10:21:00: > billard-score-app@0.1.0 next-start
2025-03-17 10:21:00: > next start
2025-03-17 10:21:00: 
2025-03-17 10:21:01:    ▲ Next.js 15.0.2
2025-03-17 10:21:01:    - Local:        http://localhost:3000
2025-03-17 10:21:01: 
2025-03-17 10:21:01:  ✓ Starting...
2025-03-17 10:21:01: 
2025-03-17 10:21:01: > billard-score-app@0.1.0 next-start
2025-03-17 10:21:01: > next start
2025-03-17 10:21:01: 
2025-03-17 10:21:02:    ▲ Next.js 15.0.2
2025-03-17 10:21:02:    - Local:        http://localhost:3000
2025-03-17 10:21:02: 
2025-03-17 10:21:02:  ✓ Starting...
2025-03-17 10:21:02: 
2025-03-17 10:21:02: > billard-score-app@0.1.0 next-start
2025-03-17 10:21:02: > next start
2025-03-17 10:21:02: 
2025-03-17 10:21:02:    ▲ Next.js 15.0.2
2025-03-17 10:21:02:    - Local:        http://localhost:3000
2025-03-17 10:21:02: 
2025-03-17 10:21:02:  ✓ Starting...
2025-03-17 10:21:03: 
2025-03-17 10:21:03: > billard-score-app@0.1.0 next-start
2025-03-17 10:21:03: > next start
2025-03-17 10:21:03: 
2025-03-17 10:21:03:    ▲ Next.js 15.0.2
2025-03-17 10:21:03:    - Local:        http://localhost:3000
2025-03-17 10:21:03: 
2025-03-17 10:21:03:  ✓ Starting...
2025-03-17 10:21:04: 
2025-03-17 10:21:04: > billard-score-app@0.1.0 next-start
2025-03-17 10:21:04: > next start
2025-03-17 10:21:04: 
2025-03-17 10:21:04:    ▲ Next.js 15.0.2
2025-03-17 10:21:04:    - Local:        http://localhost:3000
2025-03-17 10:21:04: 
2025-03-17 10:21:04:  ✓ Starting...
2025-03-17 10:21:04: 
2025-03-17 10:21:04: > billard-score-app@0.1.0 next-start
2025-03-17 10:21:04: > next start
2025-03-17 10:21:04: 
2025-03-17 10:21:05:    ▲ Next.js 15.0.2
2025-03-17 10:21:05:    - Local:        http://localhost:3000
2025-03-17 10:21:05: 
2025-03-17 10:21:05:  ✓ Starting...
2025-03-17 10:21:05: 
2025-03-17 10:21:05: > billard-score-app@0.1.0 next-start
2025-03-17 10:21:05: > next start
2025-03-17 10:21:05: 
2025-03-17 10:21:05:    ▲ Next.js 15.0.2
2025-03-17 10:21:05:    - Local:        http://localhost:3000
2025-03-17 10:21:05: 
2025-03-17 10:21:05:  ✓ Starting...
2025-03-17 10:21:06: 
2025-03-17 10:21:06: > billard-score-app@0.1.0 next-start
2025-03-17 10:21:06: > next start
2025-03-17 10:21:06: 
2025-03-17 10:21:06:    ▲ Next.js 15.0.2
2025-03-17 10:21:06:    - Local:        http://localhost:3000
2025-03-17 10:21:06: 
2025-03-17 10:21:06:  ✓ Starting...
2025-03-17 10:21:06: 
2025-03-17 10:21:06: > billard-score-app@0.1.0 next-start
2025-03-17 10:21:06: > next start
2025-03-17 10:21:06: 
2025-03-17 10:21:07:    ▲ Next.js 15.0.2
2025-03-17 10:21:07:    - Local:        http://localhost:3000
2025-03-17 10:21:07: 
2025-03-17 10:21:07:  ✓ Starting...
2025-03-17 10:21:07: 
2025-03-17 10:21:07: > billard-score-app@0.1.0 next-start
2025-03-17 10:21:07: > next start
2025-03-17 10:21:07: 
2025-03-17 10:21:07:    ▲ Next.js 15.0.2
2025-03-17 10:21:07:    - Local:        http://localhost:3000
2025-03-17 10:21:07: 
2025-03-17 10:21:07:  ✓ Starting...
2025-03-17 10:21:08: 
2025-03-17 10:21:08: > billard-score-app@0.1.0 next-start
2025-03-17 10:21:08: > next start
2025-03-17 10:21:08: 
2025-03-17 10:21:08:    ▲ Next.js 15.0.2
2025-03-17 10:21:08:    - Local:        http://localhost:3000
2025-03-17 10:21:08: 
2025-03-17 10:21:08:  ✓ Starting...
2025-03-17 10:21:09: 
2025-03-17 10:21:09: > billard-score-app@0.1.0 next-start
2025-03-17 10:21:09: > next start
2025-03-17 10:21:09: 
2025-03-17 10:21:09:    ▲ Next.js 15.0.2
2025-03-17 10:21:09:    - Local:        http://localhost:3000
2025-03-17 10:21:09: 
2025-03-17 10:21:09:  ✓ Starting...
2025-03-17 10:21:09: 
2025-03-17 10:21:09: > billard-score-app@0.1.0 next-start
2025-03-17 10:21:09: > next start
2025-03-17 10:21:09: 
2025-03-17 10:21:10:    ▲ Next.js 15.0.2
2025-03-17 10:21:10:    - Local:        http://localhost:3000
2025-03-17 10:21:10: 
2025-03-17 10:21:10:  ✓ Starting...
2025-03-17 10:21:10: 
2025-03-17 10:21:10: > billard-score-app@0.1.0 next-start
2025-03-17 10:21:10: > next start
2025-03-17 10:21:10: 
2025-03-17 10:21:10:    ▲ Next.js 15.0.2
2025-03-17 10:21:10:    - Local:        http://localhost:3000
2025-03-17 10:21:10: 
2025-03-17 10:21:10:  ✓ Starting...
2025-03-17 10:25:40: 
2025-03-17 10:25:40: > billard-score-app@0.1.0 next-start
2025-03-17 10:25:40: > next start
2025-03-17 10:25:40: 
2025-03-17 10:25:41:    ▲ Next.js 15.0.2
2025-03-17 10:25:41:    - Local:        http://localhost:3000
2025-03-17 10:25:41: 
2025-03-17 10:25:41:  ✓ Starting...
2025-03-17 10:25:41: 
2025-03-17 10:25:41: > billard-score-app@0.1.0 next-start
2025-03-17 10:25:41: > next start
2025-03-17 10:25:41: 
2025-03-17 10:25:41:    ▲ Next.js 15.0.2
2025-03-17 10:25:41:    - Local:        http://localhost:3000
2025-03-17 10:25:41: 
2025-03-17 10:25:41:  ✓ Starting...
2025-03-17 10:25:42: 
2025-03-17 10:25:42: > billard-score-app@0.1.0 next-start
2025-03-17 10:25:42: > next start
2025-03-17 10:25:42: 
2025-03-17 10:25:42:    ▲ Next.js 15.0.2
2025-03-17 10:25:42:    - Local:        http://localhost:3000
2025-03-17 10:25:42: 
2025-03-17 10:25:42:  ✓ Starting...
2025-03-17 10:25:42: 
2025-03-17 10:25:42: > billard-score-app@0.1.0 next-start
2025-03-17 10:25:42: > next start
2025-03-17 10:25:42: 
2025-03-17 10:25:43:    ▲ Next.js 15.0.2
2025-03-17 10:25:43:    - Local:        http://localhost:3000
2025-03-17 10:25:43: 
2025-03-17 10:25:43:  ✓ Starting...
2025-03-17 10:25:43: 
2025-03-17 10:25:43: > billard-score-app@0.1.0 next-start
2025-03-17 10:25:43: > next start
2025-03-17 10:25:43: 
2025-03-17 10:25:44:    ▲ Next.js 15.0.2
2025-03-17 10:25:44:    - Local:        http://localhost:3000
2025-03-17 10:25:44: 
2025-03-17 10:25:44:  ✓ Starting...
2025-03-17 10:25:44: 
2025-03-17 10:25:44: > billard-score-app@0.1.0 next-start
2025-03-17 10:25:44: > next start
2025-03-17 10:25:44: 
2025-03-17 10:25:44:    ▲ Next.js 15.0.2
2025-03-17 10:25:44:    - Local:        http://localhost:3000
2025-03-17 10:25:44: 
2025-03-17 10:25:44:  ✓ Starting...
2025-03-17 10:25:45: 
2025-03-17 10:25:45: > billard-score-app@0.1.0 next-start
2025-03-17 10:25:45: > next start
2025-03-17 10:25:45: 
2025-03-17 10:25:45:    ▲ Next.js 15.0.2
2025-03-17 10:25:45:    - Local:        http://localhost:3000
2025-03-17 10:25:45: 
2025-03-17 10:25:45:  ✓ Starting...
2025-03-17 10:25:45: 
2025-03-17 10:25:45: > billard-score-app@0.1.0 next-start
2025-03-17 10:25:45: > next start
2025-03-17 10:25:45: 
2025-03-17 10:25:46:    ▲ Next.js 15.0.2
2025-03-17 10:25:46:    - Local:        http://localhost:3000
2025-03-17 10:25:46: 
2025-03-17 10:25:46:  ✓ Starting...
2025-03-17 10:25:46: 
2025-03-17 10:25:46: > billard-score-app@0.1.0 next-start
2025-03-17 10:25:46: > next start
2025-03-17 10:25:46: 
2025-03-17 10:25:46:    ▲ Next.js 15.0.2
2025-03-17 10:25:46:    - Local:        http://localhost:3000
2025-03-17 10:25:46: 
2025-03-17 10:25:46:  ✓ Starting...
2025-03-17 10:25:47: 
2025-03-17 10:25:47: > billard-score-app@0.1.0 next-start
2025-03-17 10:25:47: > next start
2025-03-17 10:25:47: 
2025-03-17 10:25:47:    ▲ Next.js 15.0.2
2025-03-17 10:25:47:    - Local:        http://localhost:3000
2025-03-17 10:25:47: 
2025-03-17 10:25:47:  ✓ Starting...
2025-03-17 10:25:47: 
2025-03-17 10:25:47: > billard-score-app@0.1.0 next-start
2025-03-17 10:25:47: > next start
2025-03-17 10:25:47: 
2025-03-17 10:25:48:    ▲ Next.js 15.0.2
2025-03-17 10:25:48:    - Local:        http://localhost:3000
2025-03-17 10:25:48: 
2025-03-17 10:25:48:  ✓ Starting...
2025-03-17 10:25:48: 
2025-03-17 10:25:48: > billard-score-app@0.1.0 next-start
2025-03-17 10:25:48: > next start
2025-03-17 10:25:48: 
2025-03-17 10:25:48:    ▲ Next.js 15.0.2
2025-03-17 10:25:48:    - Local:        http://localhost:3000
2025-03-17 10:25:48: 
2025-03-17 10:25:48:  ✓ Starting...
2025-03-17 10:25:49: 
2025-03-17 10:25:49: > billard-score-app@0.1.0 next-start
2025-03-17 10:25:49: > next start
2025-03-17 10:25:49: 
2025-03-17 10:25:49:    ▲ Next.js 15.0.2
2025-03-17 10:25:49:    - Local:        http://localhost:3000
2025-03-17 10:25:49: 
2025-03-17 10:25:49:  ✓ Starting...
2025-03-17 10:25:49: 
2025-03-17 10:25:49: > billard-score-app@0.1.0 next-start
2025-03-17 10:25:49: > next start
2025-03-17 10:25:49: 
2025-03-17 10:25:50:    ▲ Next.js 15.0.2
2025-03-17 10:25:50:    - Local:        http://localhost:3000
2025-03-17 10:25:50: 
2025-03-17 10:25:50:  ✓ Starting...
2025-03-17 10:25:50: 
2025-03-17 10:25:50: > billard-score-app@0.1.0 next-start
2025-03-17 10:25:50: > next start
2025-03-17 10:25:50: 
2025-03-17 10:25:50:    ▲ Next.js 15.0.2
2025-03-17 10:25:50:    - Local:        http://localhost:3000
2025-03-17 10:25:50: 
2025-03-17 10:25:50:  ✓ Starting...
2025-03-17 10:25:51: 
2025-03-17 10:25:51: > billard-score-app@0.1.0 next-start
2025-03-17 10:25:51: > next start
2025-03-17 10:25:51: 
2025-03-17 10:25:51:    ▲ Next.js 15.0.2
2025-03-17 10:25:51:    - Local:        http://localhost:3000
2025-03-17 10:25:51: 
2025-03-17 10:25:51:  ✓ Starting...
2025-03-17 10:25:53: 
2025-03-17 10:25:53: > billard-score-app@0.1.0 next-start
2025-03-17 10:25:53: > next start
2025-03-17 10:25:53: 
2025-03-17 10:25:53:    ▲ Next.js 15.0.2
2025-03-17 10:25:53:    - Local:        http://localhost:3000
2025-03-17 10:25:53: 
2025-03-17 10:25:53:  ✓ Starting...
2025-03-17 10:25:53: 
2025-03-17 10:25:53: > billard-score-app@0.1.0 next-start
2025-03-17 10:25:53: > next start
2025-03-17 10:25:53: 
2025-03-17 10:25:54:    ▲ Next.js 15.0.2
2025-03-17 10:25:54:    - Local:        http://localhost:3000
2025-03-17 10:25:54: 
2025-03-17 10:25:54:  ✓ Starting...
2025-03-17 20:33:35:    ▲ Next.js 15.0.2
2025-03-17 20:33:35:    - Local:        http://localhost:3000
2025-03-17 20:33:35:    - Network:      http://0.0.0.0:3000
2025-03-17 20:33:35: 
2025-03-17 20:33:35:  ✓ Starting...
2025-03-17 20:33:35:  ✓ Ready in 106ms
2025-03-17 21:12:22:    ▲ Next.js 15.0.2
2025-03-17 21:12:22:    - Local:        http://localhost:3000
2025-03-17 21:12:22:    - Network:      http://0.0.0.0:3000
2025-03-17 21:12:22: 
2025-03-17 21:12:22:  ✓ Starting...
2025-03-17 21:12:22:  ✓ Ready in 191ms
2025-03-17 21:26:45:    ▲ Next.js 15.0.2
2025-03-17 21:26:45:    - Local:        http://localhost:3000
2025-03-17 21:26:45:    - Network:      http://0.0.0.0:3000
2025-03-17 21:26:45: 
2025-03-17 21:26:45:  ✓ Starting...
2025-03-17 21:26:45:  ✓ Ready in 110ms
2025-03-17 21:30:22:    ▲ Next.js 15.0.2
2025-03-17 21:30:22:    - Local:        http://localhost:3000
2025-03-17 21:30:22:    - Network:      http://0.0.0.0:3000
2025-03-17 21:30:22: 
2025-03-17 21:30:22:  ✓ Starting...
2025-03-17 21:30:22:  ✓ Ready in 81ms
2025-03-17 21:30:32:    ▲ Next.js 15.0.2
2025-03-17 21:30:32:    - Local:        http://localhost:3000
2025-03-17 21:30:32:    - Network:      http://0.0.0.0:3000
2025-03-17 21:30:32: 
2025-03-17 21:30:32:  ✓ Starting...
2025-03-17 21:30:32:  ✓ Ready in 84ms
2025-03-18 04:46:38:    ▲ Next.js 15.0.2
2025-03-18 04:46:38:    - Local:        http://localhost:3000
2025-03-18 04:46:38:    - Network:      http://0.0.0.0:3000
2025-03-18 04:46:38: 
2025-03-18 04:46:38:  ✓ Starting...
2025-03-18 04:46:38:  ✓ Ready in 90ms
2025-03-18 05:19:35:    ▲ Next.js 15.0.2
2025-03-18 05:19:35:    - Local:        http://localhost:3000
2025-03-18 05:19:35:    - Network:      http://0.0.0.0:3000
2025-03-18 05:19:35: 
2025-03-18 05:19:35:  ✓ Starting...
2025-03-18 05:19:35:  ✓ Ready in 110ms
2025-03-18 09:22:50:    ▲ Next.js 15.0.2
2025-03-18 09:22:50:    - Local:        http://localhost:3000
2025-03-18 09:22:50:    - Network:      http://0.0.0.0:3000
2025-03-18 09:22:50: 
2025-03-18 09:22:50:  ✓ Starting...
2025-03-18 09:22:50:  ✓ Ready in 138ms
2025-03-18 09:31:09:    ▲ Next.js 15.0.2
2025-03-18 09:31:09:    - Local:        http://localhost:3000
2025-03-18 09:31:09:    - Network:      http://0.0.0.0:3000
2025-03-18 09:31:09: 
2025-03-18 09:31:09:  ✓ Starting...
2025-03-18 09:31:09:  ✓ Ready in 93ms
2025-03-18 09:41:59:    ▲ Next.js 15.0.2
2025-03-18 09:41:59:    - Local:        http://localhost:3000
2025-03-18 09:41:59:    - Network:      http://0.0.0.0:3000
2025-03-18 09:41:59: 
2025-03-18 09:41:59:  ✓ Starting...
2025-03-18 09:41:59:  ✓ Ready in 103ms
2025-03-18 09:52:32:    ▲ Next.js 15.0.2
2025-03-18 09:52:32:    - Local:        http://localhost:3000
2025-03-18 09:52:32:    - Network:      http://0.0.0.0:3000
2025-03-18 09:52:32: 
2025-03-18 09:52:32:  ✓ Starting...
2025-03-18 09:52:32:  ✓ Ready in 89ms
2025-03-18 09:53:31:    ▲ Next.js 15.0.2
2025-03-18 09:53:31:    - Local:        http://localhost:3000
2025-03-18 09:53:31:    - Network:      http://0.0.0.0:3000
2025-03-18 09:53:31: 
2025-03-18 09:53:31:  ✓ Starting...
2025-03-18 09:53:31:  ✓ Ready in 105ms
2025-03-18 10:13:48:    ▲ Next.js 15.0.2
2025-03-18 10:13:48:    - Local:        http://localhost:3000
2025-03-18 10:13:48:    - Network:      http://0.0.0.0:3000
2025-03-18 10:13:48: 
2025-03-18 10:13:48:  ✓ Starting...
2025-03-18 10:13:48:  ✓ Ready in 151ms
2025-03-18 22:03:36:    ▲ Next.js 15.0.2
2025-03-18 22:03:36:    - Local:        http://localhost:3000
2025-03-18 22:03:36:    - Network:      http://0.0.0.0:3000
2025-03-18 22:03:36: 
2025-03-18 22:03:36:  ✓ Starting...
2025-03-18 22:03:36:  ✓ Ready in 222ms
2025-03-18 22:56:03:    ▲ Next.js 15.0.2
2025-03-18 22:56:03:    - Local:        http://localhost:3000
2025-03-18 22:56:03:    - Network:      http://0.0.0.0:3000
2025-03-18 22:56:03: 
2025-03-18 22:56:03:  ✓ Starting...
2025-03-18 22:56:03:  ✓ Ready in 105ms
2025-03-24 10:09:50:    ▲ Next.js 15.0.2
2025-03-24 10:09:50:    - Local:        http://localhost:3000
2025-03-24 10:09:50:    - Network:      http://0.0.0.0:3000
2025-03-24 10:09:50: 
2025-03-24 10:09:50:  ✓ Starting...
2025-03-24 10:09:50:  ✓ Ready in 131ms
2025-03-24 10:38:36:    ▲ Next.js 15.0.2
2025-03-24 10:38:36:    - Local:        http://localhost:3000
2025-03-24 10:38:36:    - Network:      http://0.0.0.0:3000
2025-03-24 10:38:36: 
2025-03-24 10:38:36:  ✓ Starting...
2025-03-24 10:38:36:  ✓ Ready in 96ms
2025-03-26 09:56:42:    ▲ Next.js 15.0.2
2025-03-26 09:56:42:    - Local:        http://localhost:3000
2025-03-26 09:56:42:    - Network:      http://0.0.0.0:3000
2025-03-26 09:56:42: 
2025-03-26 09:56:42:  ✓ Starting...
2025-03-26 09:56:42:  ✓ Ready in 277ms
2025-03-26 10:18:33:    ▲ Next.js 15.0.2
2025-03-26 10:18:33:    - Local:        http://localhost:3000
2025-03-26 10:18:33:    - Network:      http://0.0.0.0:3000
2025-03-26 10:18:33: 
2025-03-26 10:18:33:  ✓ Starting...
2025-03-26 10:18:33:  ✓ Ready in 119ms
2025-03-26 10:25:35:    ▲ Next.js 15.0.2
2025-03-26 10:25:35:    - Local:        http://localhost:3000
2025-03-26 10:25:35:    - Network:      http://0.0.0.0:3000
2025-03-26 10:25:35: 
2025-03-26 10:25:35:  ✓ Starting...
2025-03-26 10:25:35:  ✓ Ready in 87ms
2025-03-27 08:50:59:    ▲ Next.js 15.0.2
2025-03-27 08:50:59:    - Local:        http://localhost:3000
2025-03-27 08:50:59:    - Network:      http://0.0.0.0:3000
2025-03-27 08:50:59: 
2025-03-27 08:50:59:  ✓ Starting...
2025-03-27 08:51:00:  ✓ Ready in 173ms
2025-03-27 09:06:10:    ▲ Next.js 15.0.2
2025-03-27 09:06:10:    - Local:        http://localhost:3000
2025-03-27 09:06:10:    - Network:      http://0.0.0.0:3000
2025-03-27 09:06:10: 
2025-03-27 09:06:10:  ✓ Starting...
2025-03-27 09:06:10:  ✓ Ready in 149ms
2025-03-27 09:16:36:    ▲ Next.js 15.0.2
2025-03-27 09:16:36:    - Local:        http://localhost:3000
2025-03-27 09:16:36:    - Network:      http://0.0.0.0:3000
2025-03-27 09:16:36: 
2025-03-27 09:16:36:  ✓ Starting...
2025-03-27 09:16:36:  ✓ Ready in 72ms
2025-03-27 09:30:42:    ▲ Next.js 15.0.2
2025-03-27 09:30:42:    - Local:        http://localhost:3000
2025-03-27 09:30:42:    - Network:      http://0.0.0.0:3000
2025-03-27 09:30:42: 
2025-03-27 09:30:42:  ✓ Starting...
2025-03-27 09:30:42:  ✓ Ready in 88ms
2025-03-27 09:41:00:    ▲ Next.js 15.0.2
2025-03-27 09:41:00:    - Local:        http://localhost:3000
2025-03-27 09:41:00:    - Network:      http://0.0.0.0:3000
2025-03-27 09:41:00: 
2025-03-27 09:41:00:  ✓ Starting...
2025-03-27 09:41:00:  ✓ Ready in 103ms
2025-03-27 15:17:46:    ▲ Next.js 15.0.2
2025-03-27 15:17:46:    - Local:        http://localhost:3000
2025-03-27 15:17:46:    - Network:      http://0.0.0.0:3000
2025-03-27 15:17:46: 
2025-03-27 15:17:46:  ✓ Starting...
2025-03-27 15:17:46:  ✓ Ready in 251ms
2025-03-27 15:25:41:    ▲ Next.js 15.0.2
2025-03-27 15:25:41:    - Local:        http://localhost:3000
2025-03-27 15:25:41:    - Network:      http://0.0.0.0:3000
2025-03-27 15:25:41: 
2025-03-27 15:25:41:  ✓ Starting...
2025-03-27 15:25:41:  ✓ Ready in 75ms
2025-03-28 08:23:41:    ▲ Next.js 15.0.2
2025-03-28 08:23:41:    - Local:        http://localhost:3000
2025-03-28 08:23:41:    - Network:      http://0.0.0.0:3000
2025-03-28 08:23:41: 
2025-03-28 08:23:41:  ✓ Starting...
2025-03-28 08:23:41:  ✓ Ready in 106ms
2025-03-28 08:31:57:    ▲ Next.js 15.0.2
2025-03-28 08:31:57:    - Local:        http://localhost:3000
2025-03-28 08:31:57:    - Network:      http://0.0.0.0:3000
2025-03-28 08:31:57: 
2025-03-28 08:31:57:  ✓ Starting...
2025-03-28 08:31:57:  ✓ Ready in 104ms
2025-03-28 09:02:23:    ▲ Next.js 15.0.2
2025-03-28 09:02:23:    - Local:        http://localhost:3000
2025-03-28 09:02:23:    - Network:      http://0.0.0.0:3000
2025-03-28 09:02:23: 
2025-03-28 09:02:23:  ✓ Starting...
2025-03-28 09:02:23:  ✓ Ready in 177ms
2025-03-28 09:14:05:    ▲ Next.js 15.0.2
2025-03-28 09:14:05:    - Local:        http://localhost:3000
2025-03-28 09:14:05:    - Network:      http://0.0.0.0:3000
2025-03-28 09:14:05: 
2025-03-28 09:14:05:  ✓ Starting...
2025-03-28 09:14:05:  ✓ Ready in 93ms
2025-03-28 11:25:25:    ▲ Next.js 15.0.2
2025-03-28 11:25:25:    - Local:        http://localhost:3000
2025-03-28 11:25:25:    - Network:      http://0.0.0.0:3000
2025-03-28 11:25:25: 
2025-03-28 11:25:25:  ✓ Starting...
2025-03-28 11:25:25:  ✓ Ready in 112ms
2025-03-28 11:51:10:    ▲ Next.js 15.0.2
2025-03-28 11:51:10:    - Local:        http://localhost:3000
2025-03-28 11:51:10:    - Network:      http://0.0.0.0:3000
2025-03-28 11:51:10: 
2025-03-28 11:51:10:  ✓ Starting...
2025-03-28 11:51:10:  ✓ Ready in 284ms
2025-03-28 19:32:59:    ▲ Next.js 15.0.2
2025-03-28 19:32:59:    - Local:        http://localhost:3000
2025-03-28 19:32:59:    - Network:      http://0.0.0.0:3000
2025-03-28 19:32:59: 
2025-03-28 19:32:59:  ✓ Starting...
2025-03-28 19:32:59:  ✓ Ready in 140ms
2025-03-28 19:40:16:    ▲ Next.js 15.0.2
2025-03-28 19:40:16:    - Local:        http://localhost:3000
2025-03-28 19:40:16:    - Network:      http://0.0.0.0:3000
2025-03-28 19:40:16: 
2025-03-28 19:40:16:  ✓ Starting...
2025-03-28 19:40:16:  ✓ Ready in 97ms
2025-03-28 20:03:16:    ▲ Next.js 15.0.2
2025-03-28 20:03:16:    - Local:        http://localhost:3000
2025-03-28 20:03:16:    - Network:      http://0.0.0.0:3000
2025-03-28 20:03:16: 
2025-03-28 20:03:16:  ✓ Starting...
2025-03-28 20:03:17:  ✓ Ready in 224ms
2025-03-28 20:18:12:    ▲ Next.js 15.0.2
2025-03-28 20:18:12:    - Local:        http://localhost:3000
2025-03-28 20:18:12:    - Network:      http://0.0.0.0:3000
2025-03-28 20:18:12: 
2025-03-28 20:18:12:  ✓ Starting...
2025-03-28 20:18:12:  ✓ Ready in 107ms
2025-03-28 20:29:57:    ▲ Next.js 15.0.2
2025-03-28 20:29:57:    - Local:        http://localhost:3000
2025-03-28 20:29:57:    - Network:      http://0.0.0.0:3000
2025-03-28 20:29:57: 
2025-03-28 20:29:57:  ✓ Starting...
2025-03-28 20:29:57:  ✓ Ready in 92ms
2025-03-29 09:15:27:    ▲ Next.js 15.0.2
2025-03-29 09:15:27:    - Local:        http://localhost:3000
2025-03-29 09:15:27:    - Network:      http://0.0.0.0:3000
2025-03-29 09:15:27: 
2025-03-29 09:15:27:  ✓ Starting...
2025-03-29 09:15:27:  ✓ Ready in 148ms
2025-03-29 09:32:41:    ▲ Next.js 15.0.2
2025-03-29 09:32:41:    - Local:        http://localhost:3000
2025-03-29 09:32:41:    - Network:      http://0.0.0.0:3000
2025-03-29 09:32:41: 
2025-03-29 09:32:41:  ✓ Starting...
2025-03-29 09:32:41:  ✓ Ready in 115ms
2025-03-29 09:48:55:    ▲ Next.js 15.0.2
2025-03-29 09:48:55:    - Local:        http://localhost:3000
2025-03-29 09:48:55:    - Network:      http://0.0.0.0:3000
2025-03-29 09:48:55: 
2025-03-29 09:48:55:  ✓ Starting...
2025-03-29 09:48:55:  ✓ Ready in 111ms
2025-03-29 10:04:00:    ▲ Next.js 15.0.2
2025-03-29 10:04:00:    - Local:        http://localhost:3000
2025-03-29 10:04:00:    - Network:      http://0.0.0.0:3000
2025-03-29 10:04:00: 
2025-03-29 10:04:00:  ✓ Starting...
2025-03-29 10:04:00:  ✓ Ready in 204ms
2025-03-29 10:07:56:    ▲ Next.js 15.0.2
2025-03-29 10:07:56:    - Local:        http://localhost:3000
2025-03-29 10:07:56:    - Network:      http://0.0.0.0:3000
2025-03-29 10:07:56: 
2025-03-29 10:07:56:  ✓ Starting...
2025-03-29 10:07:56:  ✓ Ready in 80ms
2025-03-29 10:17:48:    ▲ Next.js 15.0.2
2025-03-29 10:17:48:    - Local:        http://localhost:3000
2025-03-29 10:17:48:    - Network:      http://0.0.0.0:3000
2025-03-29 10:17:48: 
2025-03-29 10:17:48:  ✓ Starting...
2025-03-29 10:17:48:  ✓ Ready in 77ms
2025-03-29 10:51:36:    ▲ Next.js 15.0.2
2025-03-29 10:51:36:    - Local:        http://localhost:3000
2025-03-29 10:51:36:    - Network:      http://0.0.0.0:3000
2025-03-29 10:51:36: 
2025-03-29 10:51:36:  ✓ Starting...
2025-03-29 10:51:36:  ✓ Ready in 190ms
2025-03-29 10:56:02:    ▲ Next.js 15.0.2
2025-03-29 10:56:02:    - Local:        http://localhost:3000
2025-03-29 10:56:02:    - Network:      http://0.0.0.0:3000
2025-03-29 10:56:02: 
2025-03-29 10:56:02:  ✓ Starting...
2025-03-29 10:56:02:  ✓ Ready in 130ms
2025-03-29 11:07:27:    ▲ Next.js 15.0.2
2025-03-29 11:07:27:    - Local:        http://localhost:3000
2025-03-29 11:07:27:    - Network:      http://0.0.0.0:3000
2025-03-29 11:07:27: 
2025-03-29 11:07:27:  ✓ Starting...
2025-03-29 11:07:27:  ✓ Ready in 115ms
2025-03-29 11:13:37:    ▲ Next.js 15.0.2
2025-03-29 11:13:37:    - Local:        http://localhost:3000
2025-03-29 11:13:37:    - Network:      http://0.0.0.0:3000
2025-03-29 11:13:37: 
2025-03-29 11:13:37:  ✓ Starting...
2025-03-29 11:13:37:  ✓ Ready in 95ms
2025-03-29 11:43:14:    ▲ Next.js 15.0.2
2025-03-29 11:43:14:    - Local:        http://localhost:3000
2025-03-29 11:43:14:    - Network:      http://0.0.0.0:3000
2025-03-29 11:43:14: 
2025-03-29 11:43:14:  ✓ Starting...
2025-03-29 11:43:14:  ✓ Ready in 82ms
2025-03-29 23:40:38:    ▲ Next.js 15.0.2
2025-03-29 23:40:38:    - Local:        http://localhost:3000
2025-03-29 23:40:38:    - Network:      http://0.0.0.0:3000
2025-03-29 23:40:38: 
2025-03-29 23:40:38:  ✓ Starting...
2025-03-29 23:40:38:  ✓ Ready in 164ms
2025-03-29 23:46:16:    ▲ Next.js 15.0.2
2025-03-29 23:46:16:    - Local:        http://localhost:3000
2025-03-29 23:46:16:    - Network:      http://0.0.0.0:3000
2025-03-29 23:46:16: 
2025-03-29 23:46:16:  ✓ Starting...
2025-03-29 23:46:16:  ✓ Ready in 82ms
2025-03-31 14:46:28:    ▲ Next.js 15.0.2
2025-03-31 14:46:28:    - Local:        http://localhost:3000
2025-03-31 14:46:28:    - Network:      http://0.0.0.0:3000
2025-03-31 14:46:28: 
2025-03-31 14:46:28:  ✓ Starting...
2025-03-31 14:46:28:  ✓ Ready in 138ms
