2025-03-17 09:45:14: 
2025-03-17 09:45:14: > billard-score-app@0.1.0 start
2025-03-17 09:45:14: > concurrently "node server.js" "next start"
2025-03-17 09:45:14: 
2025-03-17 09:45:15: [0] 
2025-03-17 09:45:15: 🚀 WebSocket server running on port 3000
2025-03-17 09:45:15: [0] 🌍 Allowed origins: [
2025-03-17 09:45:15: [0]   'https://www.5quilles.com',
2025-03-17 09:45:15: [0]   'http://localhost:3000',
2025-03-17 09:45:15: [0]   'https://www.5quilles.com'
2025-03-17 09:45:15: [0] ]
2025-03-17 09:45:15: [1]  ⨯ Failed to start server
2025-03-17 09:45:15: [1] Error: listen EADDRINUSE: address already in use :::3000
2025-03-17 09:45:15: [1]     at <unknown> (Error: listen EADDRINUSE: address already in use :::3000)
2025-03-17 09:45:15: [1]     at <unknown> (/var/www/billard-score-app/node_modules/next/dist/server/lib/start-server.js:297:16)
2025-03-17 09:45:15: [1]     at new Promise (<anonymous>)
2025-03-17 09:45:15: [1]     at startServer (/var/www/billard-score-app/node_modules/next/dist/server/lib/start-server.js:191:11)
2025-03-17 09:45:15: [1]     at Module.nextStart (/var/www/billard-score-app/node_modules/next/dist/cli/next-start.js:30:40)
2025-03-17 09:45:15: [1]     at <unknown> (/var/www/billard-score-app/node_modules/next/dist/bin/next:106:886) {
2025-03-17 09:45:15: [1]   code: 'EADDRINUSE',
2025-03-17 09:45:15: [1]   errno: -98,
2025-03-17 09:45:15: [1]   syscall: 'listen',
2025-03-17 09:45:15: [1]   address: '::',
2025-03-17 09:45:15: [1]   port: 3000
2025-03-17 09:45:15: [1] }
2025-03-17 09:45:15: [1] next start exited with code 1
2025-03-17 09:47:16: [0] 
2025-03-17 09:47:16: node server.js exited with code SIGINT
2025-03-17 09:50:46: 
2025-03-17 09:50:46: > billard-score-app@0.1.0 start
2025-03-17 09:50:46: > concurrently "node server.js" "next start"
2025-03-17 09:50:46: 
2025-03-17 09:50:47: [0] 
2025-03-17 09:50:47: 🚀 WebSocket server running on port 3002
2025-03-17 09:50:47: [0] 🌍 Allowed origins: [
2025-03-17 09:50:47: [0]   'https://www.5quilles.com',
2025-03-17 09:50:47: [0]   'http://localhost:3000',
2025-03-17 09:50:47: [0]   'https://www.5quilles.com'
2025-03-17 09:50:47: [0] ]
2025-03-17 09:50:47: [1]  ⨯ Failed to start server
2025-03-17 09:50:47: [1] Error: listen EADDRINUSE: address already in use :::3002
2025-03-17 09:50:47: [1]     at <unknown> (Error: listen EADDRINUSE: address already in use :::3002)
2025-03-17 09:50:47: [1]     at <unknown> (/var/www/billard-score-app/node_modules/next/dist/server/lib/start-server.js:297:16)
2025-03-17 09:50:47: [1]     at new Promise (<anonymous>)
2025-03-17 09:50:47: [1]     at startServer (/var/www/billard-score-app/node_modules/next/dist/server/lib/start-server.js:191:11)
2025-03-17 09:50:47: [1]     at Module.nextStart (/var/www/billard-score-app/node_modules/next/dist/cli/next-start.js:30:40)
2025-03-17 09:50:47: [1]     at <unknown> (/var/www/billard-score-app/node_modules/next/dist/bin/next:106:886) {
2025-03-17 09:50:47: [1]   code: 'EADDRINUSE',
2025-03-17 09:50:47: [1]   errno: -98,
2025-03-17 09:50:47: [1]   syscall: 'listen',
2025-03-17 09:50:47: [1]   address: '::',
2025-03-17 09:50:47: [1]   port: 3002
2025-03-17 09:50:47: [1] }
2025-03-17 09:50:47: [1] next start exited with code 1
