2025-03-17 10:05:08: npm error Missing script: "socket-start"
2025-03-17 10:05:08: npm error
2025-03-17 10:05:08: npm error To see a list of scripts, run:
2025-03-17 10:05:08: npm error   npm run
2025-03-17 10:05:08: npm error A complete log of this run can be found in: /root/.npm/_logs/2025-03-17T10_05_08_305Z-debug-0.log
2025-03-17 10:05:08: npm error Missing script: "socket-start"
2025-03-17 10:05:08: npm error
2025-03-17 10:05:08: npm error To see a list of scripts, run:
2025-03-17 10:05:08: npm error   npm run
2025-03-17 10:05:08: npm error A complete log of this run can be found in: /root/.npm/_logs/2025-03-17T10_05_08_710Z-debug-0.log
2025-03-17 10:05:09: npm error Missing script: "socket-start"
2025-03-17 10:05:09: npm error
2025-03-17 10:05:09: npm error To see a list of scripts, run:
2025-03-17 10:05:09: npm error   npm run
2025-03-17 10:05:09: npm error A complete log of this run can be found in: /root/.npm/_logs/2025-03-17T10_05_09_615Z-debug-0.log
2025-03-17 10:05:09: npm error Missing script: "socket-start"
2025-03-17 10:05:09: npm error
2025-03-17 10:05:09: npm error To see a list of scripts, run:
2025-03-17 10:05:09: npm error   npm run
2025-03-17 10:05:09: npm error A complete log of this run can be found in: /root/.npm/_logs/2025-03-17T10_05_09_890Z-debug-0.log
2025-03-17 10:05:10: npm error Missing script: "socket-start"
2025-03-17 10:05:10: npm error
2025-03-17 10:05:10: npm error To see a list of scripts, run:
2025-03-17 10:05:10: npm error   npm run
2025-03-17 10:05:10: npm error A complete log of this run can be found in: /root/.npm/_logs/2025-03-17T10_05_10_215Z-debug-0.log
2025-03-17 10:05:10: npm error Missing script: "socket-start"
2025-03-17 10:05:10: npm error
2025-03-17 10:05:10: npm error To see a list of scripts, run:
2025-03-17 10:05:10: npm error   npm run
2025-03-17 10:05:10: npm error A complete log of this run can be found in: /root/.npm/_logs/2025-03-17T10_05_10_609Z-debug-0.log
2025-03-17 10:05:11: npm error Missing script: "socket-start"
2025-03-17 10:05:11: npm error
2025-03-17 10:05:11: npm error To see a list of scripts, run:
2025-03-17 10:05:11: npm error   npm run
2025-03-17 10:05:11: npm error A complete log of this run can be found in: /root/.npm/_logs/2025-03-17T10_05_10_989Z-debug-0.log
2025-03-17 10:05:11: npm error Missing script: "socket-start"
2025-03-17 10:05:11: npm error
2025-03-17 10:05:11: npm error To see a list of scripts, run:
2025-03-17 10:05:11: npm error   npm run
2025-03-17 10:05:11: npm error A complete log of this run can be found in: /root/.npm/_logs/2025-03-17T10_05_11_545Z-debug-0.log
2025-03-17 10:05:12: npm error Missing script: "socket-start"
2025-03-17 10:05:12: npm error
2025-03-17 10:05:12: npm error To see a list of scripts, run:
2025-03-17 10:05:12: npm error   npm run
2025-03-17 10:05:12: npm error A complete log of this run can be found in: /root/.npm/_logs/2025-03-17T10_05_11_947Z-debug-0.log
2025-03-17 10:05:12: npm error Missing script: "socket-start"
2025-03-17 10:05:12: npm error
2025-03-17 10:05:12: npm error To see a list of scripts, run:
2025-03-17 10:05:12: npm error   npm run
2025-03-17 10:05:12: npm error A complete log of this run can be found in: /root/.npm/_logs/2025-03-17T10_05_12_281Z-debug-0.log
2025-03-17 10:05:12: npm error Missing script: "socket-start"
2025-03-17 10:05:12: npm error
2025-03-17 10:05:12: npm error To see a list of scripts, run:
2025-03-17 10:05:12: npm error   npm run
2025-03-17 10:05:12: npm error A complete log of this run can be found in: /root/.npm/_logs/2025-03-17T10_05_12_604Z-debug-0.log
2025-03-17 10:05:13: npm error Missing script: "socket-start"
2025-03-17 10:05:13: npm error
2025-03-17 10:05:13: npm error To see a list of scripts, run:
2025-03-17 10:05:13: npm error   npm run
2025-03-17 10:05:13: npm error A complete log of this run can be found in: /root/.npm/_logs/2025-03-17T10_05_13_046Z-debug-0.log
2025-03-17 10:05:13: npm error Missing script: "socket-start"
2025-03-17 10:05:13: npm error
2025-03-17 10:05:13: npm error To see a list of scripts, run:
2025-03-17 10:05:13: npm error   npm run
2025-03-17 10:05:13: npm error A complete log of this run can be found in: /root/.npm/_logs/2025-03-17T10_05_13_397Z-debug-0.log
2025-03-17 10:05:13: npm error Missing script: "socket-start"
2025-03-17 10:05:13: npm error
2025-03-17 10:05:13: npm error To see a list of scripts, run:
2025-03-17 10:05:13: npm error   npm run
2025-03-17 10:05:13: npm error A complete log of this run can be found in: /root/.npm/_logs/2025-03-17T10_05_13_846Z-debug-0.log
2025-03-17 10:05:14: npm error Missing script: "socket-start"
2025-03-17 10:05:14: npm error
2025-03-17 10:05:14: npm error To see a list of scripts, run:
2025-03-17 10:05:14: npm error   npm run
2025-03-17 10:05:14: npm error A complete log of this run can be found in: /root/.npm/_logs/2025-03-17T10_05_14_155Z-debug-0.log
2025-03-17 10:05:14: npm error Missing script: "socket-start"
2025-03-17 10:05:14: npm error
2025-03-17 10:05:14: npm error To see a list of scripts, run:
2025-03-17 10:05:14: npm error   npm run
2025-03-17 10:05:14: npm error A complete log of this run can be found in: /root/.npm/_logs/2025-03-17T10_05_14_480Z-debug-0.log
2025-03-17 10:13:11: npm error Missing script: "socket-start"
2025-03-17 10:13:11: npm error
2025-03-17 10:13:11: npm error To see a list of scripts, run:
2025-03-17 10:13:11: npm error   npm run
2025-03-17 10:13:11: npm error A complete log of this run can be found in: /root/.npm/_logs/2025-03-17T10_13_11_654Z-debug-0.log
2025-03-17 10:13:12: npm error Missing script: "socket-start"
2025-03-17 10:13:12: npm error
2025-03-17 10:13:12: npm error To see a list of scripts, run:
2025-03-17 10:13:12: npm error   npm run
2025-03-17 10:13:12: npm error A complete log of this run can be found in: /root/.npm/_logs/2025-03-17T10_13_12_033Z-debug-0.log
2025-03-17 10:13:12: npm error Missing script: "socket-start"
2025-03-17 10:13:12: npm error
2025-03-17 10:13:12: npm error To see a list of scripts, run:
2025-03-17 10:13:12: npm error   npm run
2025-03-17 10:13:12: npm error A complete log of this run can be found in: /root/.npm/_logs/2025-03-17T10_13_12_459Z-debug-0.log
2025-03-17 10:13:12: npm error Missing script: "socket-start"
2025-03-17 10:13:12: npm error
2025-03-17 10:13:12: npm error To see a list of scripts, run:
2025-03-17 10:13:12: npm error   npm run
2025-03-17 10:13:12: npm error A complete log of this run can be found in: /root/.npm/_logs/2025-03-17T10_13_12_761Z-debug-0.log
2025-03-17 10:13:13: npm error Missing script: "socket-start"
2025-03-17 10:13:13: npm error
2025-03-17 10:13:13: npm error To see a list of scripts, run:
2025-03-17 10:13:13: npm error   npm run
2025-03-17 10:13:13: npm error A complete log of this run can be found in: /root/.npm/_logs/2025-03-17T10_13_13_036Z-debug-0.log
2025-03-17 10:13:13: npm error Missing script: "socket-start"
2025-03-17 10:13:13: npm error
2025-03-17 10:13:13: npm error To see a list of scripts, run:
2025-03-17 10:13:13: npm error   npm run
2025-03-17 10:13:13: npm error A complete log of this run can be found in: /root/.npm/_logs/2025-03-17T10_13_13_436Z-debug-0.log
2025-03-17 10:13:13: npm error Missing script: "socket-start"
2025-03-17 10:13:13: npm error
2025-03-17 10:13:13: npm error To see a list of scripts, run:
2025-03-17 10:13:13: npm error   npm run
2025-03-17 10:13:13: npm error A complete log of this run can be found in: /root/.npm/_logs/2025-03-17T10_13_13_726Z-debug-0.log
2025-03-17 10:13:14: npm error Missing script: "socket-start"
2025-03-17 10:13:14: npm error
2025-03-17 10:13:14: npm error To see a list of scripts, run:
2025-03-17 10:13:14: npm error   npm run
2025-03-17 10:13:14: npm error A complete log of this run can be found in: /root/.npm/_logs/2025-03-17T10_13_14_110Z-debug-0.log
2025-03-17 10:13:14: npm error Missing script: "socket-start"
2025-03-17 10:13:14: npm error
2025-03-17 10:13:14: npm error To see a list of scripts, run:
2025-03-17 10:13:14: npm error   npm run
2025-03-17 10:13:14: npm error A complete log of this run can be found in: /root/.npm/_logs/2025-03-17T10_13_14_380Z-debug-0.log
2025-03-17 10:13:14: npm error Missing script: "socket-start"
2025-03-17 10:13:14: npm error
2025-03-17 10:13:14: npm error To see a list of scripts, run:
2025-03-17 10:13:14: npm error   npm run
2025-03-17 10:13:14: npm error A complete log of this run can be found in: /root/.npm/_logs/2025-03-17T10_13_14_725Z-debug-0.log
2025-03-17 10:13:15: npm error Missing script: "socket-start"
2025-03-17 10:13:15: npm error
2025-03-17 10:13:15: npm error To see a list of scripts, run:
2025-03-17 10:13:15: npm error   npm run
2025-03-17 10:13:15: npm error A complete log of this run can be found in: /root/.npm/_logs/2025-03-17T10_13_15_031Z-debug-0.log
2025-03-17 10:13:15: npm error Missing script: "socket-start"
2025-03-17 10:13:15: npm error
2025-03-17 10:13:15: npm error To see a list of scripts, run:
2025-03-17 10:13:15: npm error   npm run
2025-03-17 10:13:15: npm error A complete log of this run can be found in: /root/.npm/_logs/2025-03-17T10_13_15_403Z-debug-0.log
2025-03-17 10:13:15: npm error Missing script: "socket-start"
2025-03-17 10:13:15: npm error
2025-03-17 10:13:15: npm error To see a list of scripts, run:
2025-03-17 10:13:15: npm error   npm run
2025-03-17 10:13:15: npm error A complete log of this run can be found in: /root/.npm/_logs/2025-03-17T10_13_15_706Z-debug-0.log
2025-03-17 10:13:16: npm error Missing script: "socket-start"
2025-03-17 10:13:16: npm error
2025-03-17 10:13:16: npm error To see a list of scripts, run:
2025-03-17 10:13:16: npm error   npm run
2025-03-17 10:13:16: npm error A complete log of this run can be found in: /root/.npm/_logs/2025-03-17T10_13_16_055Z-debug-0.log
2025-03-17 10:13:16: npm error Missing script: "socket-start"
2025-03-17 10:13:16: npm error
2025-03-17 10:13:16: npm error To see a list of scripts, run:
2025-03-17 10:13:16: npm error   npm run
2025-03-17 10:13:16: npm error A complete log of this run can be found in: /root/.npm/_logs/2025-03-17T10_13_16_369Z-debug-0.log
2025-03-17 10:13:16: npm error Missing script: "socket-start"
2025-03-17 10:13:16: npm error
2025-03-17 10:13:16: npm error To see a list of scripts, run:
2025-03-17 10:13:16: npm error   npm run
2025-03-17 10:13:16: npm error A complete log of this run can be found in: /root/.npm/_logs/2025-03-17T10_13_16_702Z-debug-0.log
2025-03-17 10:13:37: npm error Missing script: "socket-start"
2025-03-17 10:13:37: npm error
2025-03-17 10:13:37: npm error To see a list of scripts, run:
2025-03-17 10:13:37: npm error   npm run
2025-03-17 10:13:37: npm error A complete log of this run can be found in: /root/.npm/_logs/2025-03-17T10_13_36_965Z-debug-0.log
2025-03-17 10:13:37: npm error Missing script: "socket-start"
2025-03-17 10:13:37: npm error
2025-03-17 10:13:37: npm error To see a list of scripts, run:
2025-03-17 10:13:37: npm error   npm run
2025-03-17 10:13:37: npm error A complete log of this run can be found in: /root/.npm/_logs/2025-03-17T10_13_37_403Z-debug-0.log
2025-03-17 10:13:37: npm error Missing script: "socket-start"
2025-03-17 10:13:37: npm error
2025-03-17 10:13:37: npm error To see a list of scripts, run:
2025-03-17 10:13:37: npm error   npm run
2025-03-17 10:13:37: npm error A complete log of this run can be found in: /root/.npm/_logs/2025-03-17T10_13_37_813Z-debug-0.log
2025-03-17 10:13:38: npm error Missing script: "socket-start"
2025-03-17 10:13:38: npm error
2025-03-17 10:13:38: npm error To see a list of scripts, run:
2025-03-17 10:13:38: npm error   npm run
2025-03-17 10:13:38: npm error A complete log of this run can be found in: /root/.npm/_logs/2025-03-17T10_13_38_165Z-debug-0.log
2025-03-17 10:13:38: npm error Missing script: "socket-start"
2025-03-17 10:13:38: npm error
2025-03-17 10:13:38: npm error To see a list of scripts, run:
2025-03-17 10:13:38: npm error   npm run
2025-03-17 10:13:38: npm error A complete log of this run can be found in: /root/.npm/_logs/2025-03-17T10_13_38_520Z-debug-0.log
2025-03-17 10:13:39: npm error Missing script: "socket-start"
2025-03-17 10:13:39: npm error
2025-03-17 10:13:39: npm error To see a list of scripts, run:
2025-03-17 10:13:39: npm error   npm run
2025-03-17 10:13:39: npm error A complete log of this run can be found in: /root/.npm/_logs/2025-03-17T10_13_38_927Z-debug-0.log
2025-03-17 10:13:39: npm error Missing script: "socket-start"
2025-03-17 10:13:39: npm error
2025-03-17 10:13:39: npm error To see a list of scripts, run:
2025-03-17 10:13:39: npm error   npm run
2025-03-17 10:13:39: npm error A complete log of this run can be found in: /root/.npm/_logs/2025-03-17T10_13_39_310Z-debug-0.log
2025-03-17 10:13:39: npm error Missing script: "socket-start"
2025-03-17 10:13:39: npm error
2025-03-17 10:13:39: npm error To see a list of scripts, run:
2025-03-17 10:13:39: npm error   npm run
2025-03-17 10:13:39: npm error A complete log of this run can be found in: /root/.npm/_logs/2025-03-17T10_13_39_677Z-debug-0.log
2025-03-17 10:13:40: npm error Missing script: "socket-start"
2025-03-17 10:13:40: npm error
2025-03-17 10:13:40: npm error To see a list of scripts, run:
2025-03-17 10:13:40: npm error   npm run
2025-03-17 10:13:40: npm error A complete log of this run can be found in: /root/.npm/_logs/2025-03-17T10_13_40_047Z-debug-0.log
2025-03-17 10:13:40: npm error Missing script: "socket-start"
2025-03-17 10:13:40: npm error
2025-03-17 10:13:40: npm error To see a list of scripts, run:
2025-03-17 10:13:40: npm error   npm run
2025-03-17 10:13:40: npm error A complete log of this run can be found in: /root/.npm/_logs/2025-03-17T10_13_40_396Z-debug-0.log
2025-03-17 10:13:40: npm error Missing script: "socket-start"
2025-03-17 10:13:40: npm error
2025-03-17 10:13:40: npm error To see a list of scripts, run:
2025-03-17 10:13:40: npm error   npm run
2025-03-17 10:13:40: npm error A complete log of this run can be found in: /root/.npm/_logs/2025-03-17T10_13_40_779Z-debug-0.log
2025-03-17 10:13:41: npm error Missing script: "socket-start"
2025-03-17 10:13:41: npm error
2025-03-17 10:13:41: npm error To see a list of scripts, run:
2025-03-17 10:13:41: npm error   npm run
2025-03-17 10:13:41: npm error A complete log of this run can be found in: /root/.npm/_logs/2025-03-17T10_13_41_186Z-debug-0.log
2025-03-17 10:13:41: npm error Missing script: "socket-start"
2025-03-17 10:13:41: npm error
2025-03-17 10:13:41: npm error To see a list of scripts, run:
2025-03-17 10:13:41: npm error   npm run
2025-03-17 10:13:41: npm error A complete log of this run can be found in: /root/.npm/_logs/2025-03-17T10_13_41_522Z-debug-0.log
2025-03-17 10:13:41: npm error Missing script: "socket-start"
2025-03-17 10:13:41: npm error
2025-03-17 10:13:41: npm error To see a list of scripts, run:
2025-03-17 10:13:41: npm error   npm run
2025-03-17 10:13:41: npm error A complete log of this run can be found in: /root/.npm/_logs/2025-03-17T10_13_41_836Z-debug-0.log
2025-03-17 10:13:42: npm error Missing script: "socket-start"
2025-03-17 10:13:42: npm error
2025-03-17 10:13:42: npm error To see a list of scripts, run:
2025-03-17 10:13:42: npm error   npm run
2025-03-17 10:13:42: npm error A complete log of this run can be found in: /root/.npm/_logs/2025-03-17T10_13_42_244Z-debug-0.log
2025-03-17 10:13:42: npm error Missing script: "socket-start"
2025-03-17 10:13:42: npm error
2025-03-17 10:13:42: npm error To see a list of scripts, run:
2025-03-17 10:13:42: npm error   npm run
2025-03-17 10:13:42: npm error A complete log of this run can be found in: /root/.npm/_logs/2025-03-17T10_13_42_486Z-debug-0.log
